 
****************************************
Report : constraint
        -all_violators
Design : SYS_TOP
Version: K-2015.06
Date   : Thu Sep 21 00:16:48 2023
****************************************


   max_transition

                             Required        Actual
   Net                      Transition     Transition        Slack
   -----------------------------------------------------------------
   TX_OUT (dont_touch)          1.50           2.77          -1.27  (VIOLATED)
       PIN :   UART_TX_dut/U44/Y     1.50      2.77          -1.27  (VIOLATED)
   RST_D1 (dont_touch)          1.50           1.92          -0.42  (VIOLATED)
       PIN :   ASYNC_FIFO_dut/sync_r2w/U6/A     1.50     1.92    -0.42 (VIOLATED)
       PIN :   ASYNC_FIFO_dut/sync_r2w/U7/A     1.50     1.92    -0.42 (VIOLATED)
       PIN :   ASYNC_FIFO_dut/sync_r2w/U5/A     1.50     1.92    -0.42 (VIOLATED)
       PIN :   ASYNC_FIFO_dut/sync_r2w/U4/A     1.50     1.92    -0.42 (VIOLATED)
       PIN :   ASYNC_FIFO_dut/sync_r2w/FF_Stage_reg[1][3]/RN     1.50     1.92    -0.42 (VIOLATED)
       PIN :   ASYNC_FIFO_dut/sync_r2w/FF_Stage_reg[1][2]/RN     1.50     1.92    -0.42 (VIOLATED)
       PIN :   ASYNC_FIFO_dut/sync_r2w/FF_Stage_reg[1][1]/RN     1.50     1.92    -0.42 (VIOLATED)
       PIN :   ASYNC_FIFO_dut/sync_r2w/FF_Stage_reg[1][0]/RN     1.50     1.92    -0.42 (VIOLATED)
       PIN :   ASYNC_FIFO_dut/sync_r2w/FF_Stage_reg[0][3]/RN     1.50     1.92    -0.42 (VIOLATED)
       PIN :   ASYNC_FIFO_dut/sync_r2w/FF_Stage_reg[0][2]/RN     1.50     1.92    -0.42 (VIOLATED)
       PIN :   ASYNC_FIFO_dut/sync_r2w/FF_Stage_reg[0][1]/RN     1.50     1.92    -0.42 (VIOLATED)
       PIN :   ASYNC_FIFO_dut/sync_r2w/FF_Stage_reg[0][0]/RN     1.50     1.92    -0.42 (VIOLATED)
       PIN :   ASYNC_FIFO_dut/FIFO_MEMORY_dut/read_next_reg[7]/E     1.50     1.92    -0.42 (VIOLATED)
       PIN :   ASYNC_FIFO_dut/FIFO_MEMORY_dut/read_next_reg[3]/E     1.50     1.92    -0.42 (VIOLATED)
       PIN :   ASYNC_FIFO_dut/FIFO_MEMORY_dut/read_next_reg[0]/E     1.50     1.92    -0.42 (VIOLATED)
       PIN :   ASYNC_FIFO_dut/FIFO_MEMORY_dut/read_next_reg[2]/E     1.50     1.92    -0.42 (VIOLATED)
       PIN :   ASYNC_FIFO_dut/FIFO_MEMORY_dut/read_next_reg[6]/E     1.50     1.92    -0.42 (VIOLATED)
       PIN :   ASYNC_FIFO_dut/FIFO_MEMORY_dut/read_next_reg[5]/E     1.50     1.92    -0.42 (VIOLATED)
       PIN :   ASYNC_FIFO_dut/FIFO_MEMORY_dut/read_next_reg[4]/E     1.50     1.92    -0.42 (VIOLATED)
       PIN :   ASYNC_FIFO_dut/FIFO_MEMORY_dut/read_next_reg[1]/E     1.50     1.92    -0.42 (VIOLATED)
       PIN :   ASYNC_FIFO_dut/FIFO_MEMORY_dut/out_next_reg[7]/RN     1.50     1.92    -0.42 (VIOLATED)
       PIN :   ASYNC_FIFO_dut/FIFO_MEMORY_dut/out_next_reg[6]/RN     1.50     1.92    -0.42 (VIOLATED)
       PIN :   ASYNC_FIFO_dut/FIFO_MEMORY_dut/out_next_reg[5]/RN     1.50     1.92    -0.42 (VIOLATED)
       PIN :   ASYNC_FIFO_dut/FIFO_MEMORY_dut/out_next_reg[4]/RN     1.50     1.92    -0.42 (VIOLATED)
       PIN :   ASYNC_FIFO_dut/FIFO_MEMORY_dut/out_next_reg[3]/RN     1.50     1.92    -0.42 (VIOLATED)
       PIN :   ASYNC_FIFO_dut/FIFO_MEMORY_dut/out_next_reg[2]/RN     1.50     1.92    -0.42 (VIOLATED)
       PIN :   ASYNC_FIFO_dut/FIFO_MEMORY_dut/out_next_reg[1]/RN     1.50     1.92    -0.42 (VIOLATED)
       PIN :   ASYNC_FIFO_dut/FIFO_MEMORY_dut/out_next_reg[0]/RN     1.50     1.92    -0.42 (VIOLATED)
       PIN :   ASYNC_FIFO_dut/FIFO_MEMORY_dut/FIFO_MEM_reg[15][7]/RN     1.50     1.92    -0.42 (VIOLATED)
       PIN :   ASYNC_FIFO_dut/FIFO_MEMORY_dut/FIFO_MEM_reg[14][7]/RN     1.50     1.92    -0.42 (VIOLATED)
       PIN :   ASYNC_FIFO_dut/FIFO_MEMORY_dut/FIFO_MEM_reg[13][7]/RN     1.50     1.92    -0.42 (VIOLATED)
       PIN :   ASYNC_FIFO_dut/FIFO_MEMORY_dut/FIFO_MEM_reg[12][7]/RN     1.50     1.92    -0.42 (VIOLATED)
       PIN :   ASYNC_FIFO_dut/FIFO_MEMORY_dut/FIFO_MEM_reg[11][7]/RN     1.50     1.92    -0.42 (VIOLATED)
       PIN :   ASYNC_FIFO_dut/FIFO_MEMORY_dut/FIFO_MEM_reg[10][7]/RN     1.50     1.92    -0.42 (VIOLATED)
       PIN :   ASYNC_FIFO_dut/FIFO_MEMORY_dut/FIFO_MEM_reg[9][7]/RN     1.50     1.92    -0.42 (VIOLATED)
       PIN :   ASYNC_FIFO_dut/FIFO_MEMORY_dut/FIFO_MEM_reg[8][7]/RN     1.50     1.92    -0.42 (VIOLATED)
       PIN :   ASYNC_FIFO_dut/FIFO_MEMORY_dut/FIFO_MEM_reg[7][7]/RN     1.50     1.92    -0.42 (VIOLATED)
       PIN :   ASYNC_FIFO_dut/FIFO_MEMORY_dut/FIFO_MEM_reg[6][7]/RN     1.50     1.92    -0.42 (VIOLATED)
       PIN :   ASYNC_FIFO_dut/FIFO_MEMORY_dut/FIFO_MEM_reg[5][7]/RN     1.50     1.92    -0.42 (VIOLATED)
       PIN :   ASYNC_FIFO_dut/FIFO_MEMORY_dut/FIFO_MEM_reg[4][7]/RN     1.50     1.92    -0.42 (VIOLATED)
       PIN :   ASYNC_FIFO_dut/FIFO_MEMORY_dut/FIFO_MEM_reg[3][7]/RN     1.50     1.92    -0.42 (VIOLATED)
       PIN :   ASYNC_FIFO_dut/FIFO_MEMORY_dut/FIFO_MEM_reg[2][7]/RN     1.50     1.92    -0.42 (VIOLATED)
       PIN :   ASYNC_FIFO_dut/FIFO_MEMORY_dut/FIFO_MEM_reg[1][7]/RN     1.50     1.92    -0.42 (VIOLATED)
       PIN :   ASYNC_FIFO_dut/FIFO_MEMORY_dut/FIFO_MEM_reg[0][7]/RN     1.50     1.92    -0.42 (VIOLATED)
       PIN :   ASYNC_FIFO_dut/FIFO_MEMORY_dut/FIFO_MEM_reg[15][6]/RN     1.50     1.92    -0.42 (VIOLATED)
       PIN :   ASYNC_FIFO_dut/FIFO_MEMORY_dut/FIFO_MEM_reg[14][6]/RN     1.50     1.92    -0.42 (VIOLATED)
       PIN :   ASYNC_FIFO_dut/FIFO_MEMORY_dut/FIFO_MEM_reg[13][6]/RN     1.50     1.92    -0.42 (VIOLATED)
       PIN :   ASYNC_FIFO_dut/FIFO_MEMORY_dut/FIFO_MEM_reg[12][6]/RN     1.50     1.92    -0.42 (VIOLATED)
       PIN :   ASYNC_FIFO_dut/FIFO_MEMORY_dut/FIFO_MEM_reg[11][6]/RN     1.50     1.92    -0.42 (VIOLATED)
       PIN :   ASYNC_FIFO_dut/FIFO_MEMORY_dut/FIFO_MEM_reg[10][6]/RN     1.50     1.92    -0.42 (VIOLATED)
       PIN :   ASYNC_FIFO_dut/FIFO_MEMORY_dut/FIFO_MEM_reg[9][6]/RN     1.50     1.92    -0.42 (VIOLATED)
       PIN :   ASYNC_FIFO_dut/FIFO_MEMORY_dut/FIFO_MEM_reg[8][6]/RN     1.50     1.92    -0.42 (VIOLATED)
       PIN :   ASYNC_FIFO_dut/FIFO_MEMORY_dut/FIFO_MEM_reg[7][6]/RN     1.50     1.92    -0.42 (VIOLATED)
       PIN :   ASYNC_FIFO_dut/FIFO_MEMORY_dut/FIFO_MEM_reg[6][6]/RN     1.50     1.92    -0.42 (VIOLATED)
       PIN :   ASYNC_FIFO_dut/FIFO_MEMORY_dut/FIFO_MEM_reg[5][6]/RN     1.50     1.92    -0.42 (VIOLATED)
       PIN :   ASYNC_FIFO_dut/FIFO_MEMORY_dut/FIFO_MEM_reg[4][6]/RN     1.50     1.92    -0.42 (VIOLATED)
       PIN :   ASYNC_FIFO_dut/FIFO_MEMORY_dut/FIFO_MEM_reg[3][6]/RN     1.50     1.92    -0.42 (VIOLATED)
       PIN :   ASYNC_FIFO_dut/FIFO_MEMORY_dut/FIFO_MEM_reg[2][6]/RN     1.50     1.92    -0.42 (VIOLATED)
       PIN :   ASYNC_FIFO_dut/FIFO_MEMORY_dut/FIFO_MEM_reg[1][6]/RN     1.50     1.92    -0.42 (VIOLATED)
       PIN :   ASYNC_FIFO_dut/FIFO_MEMORY_dut/FIFO_MEM_reg[0][6]/RN     1.50     1.92    -0.42 (VIOLATED)
       PIN :   ASYNC_FIFO_dut/FIFO_MEMORY_dut/FIFO_MEM_reg[15][5]/RN     1.50     1.92    -0.42 (VIOLATED)
       PIN :   ASYNC_FIFO_dut/FIFO_MEMORY_dut/FIFO_MEM_reg[14][5]/RN     1.50     1.92    -0.42 (VIOLATED)
       PIN :   ASYNC_FIFO_dut/FIFO_MEMORY_dut/FIFO_MEM_reg[13][5]/RN     1.50     1.92    -0.42 (VIOLATED)
       PIN :   ASYNC_FIFO_dut/FIFO_MEMORY_dut/FIFO_MEM_reg[12][5]/RN     1.50     1.92    -0.42 (VIOLATED)
       PIN :   ASYNC_FIFO_dut/FIFO_MEMORY_dut/FIFO_MEM_reg[11][5]/RN     1.50     1.92    -0.42 (VIOLATED)
       PIN :   ASYNC_FIFO_dut/FIFO_MEMORY_dut/FIFO_MEM_reg[10][5]/RN     1.50     1.92    -0.42 (VIOLATED)
       PIN :   ASYNC_FIFO_dut/FIFO_MEMORY_dut/FIFO_MEM_reg[9][5]/RN     1.50     1.92    -0.42 (VIOLATED)
       PIN :   ASYNC_FIFO_dut/FIFO_MEMORY_dut/FIFO_MEM_reg[8][5]/RN     1.50     1.92    -0.42 (VIOLATED)
       PIN :   ASYNC_FIFO_dut/FIFO_MEMORY_dut/FIFO_MEM_reg[7][5]/RN     1.50     1.92    -0.42 (VIOLATED)
       PIN :   ASYNC_FIFO_dut/FIFO_MEMORY_dut/FIFO_MEM_reg[6][5]/RN     1.50     1.92    -0.42 (VIOLATED)
       PIN :   ASYNC_FIFO_dut/FIFO_MEMORY_dut/FIFO_MEM_reg[5][5]/RN     1.50     1.92    -0.42 (VIOLATED)
       PIN :   ASYNC_FIFO_dut/FIFO_MEMORY_dut/FIFO_MEM_reg[4][5]/RN     1.50     1.92    -0.42 (VIOLATED)
       PIN :   ASYNC_FIFO_dut/FIFO_MEMORY_dut/FIFO_MEM_reg[3][5]/RN     1.50     1.92    -0.42 (VIOLATED)
       PIN :   ASYNC_FIFO_dut/FIFO_MEMORY_dut/FIFO_MEM_reg[2][5]/RN     1.50     1.92    -0.42 (VIOLATED)
       PIN :   ASYNC_FIFO_dut/FIFO_MEMORY_dut/FIFO_MEM_reg[1][5]/RN     1.50     1.92    -0.42 (VIOLATED)
       PIN :   ASYNC_FIFO_dut/FIFO_MEMORY_dut/FIFO_MEM_reg[0][5]/RN     1.50     1.92    -0.42 (VIOLATED)
       PIN :   ASYNC_FIFO_dut/FIFO_MEMORY_dut/FIFO_MEM_reg[15][4]/RN     1.50     1.92    -0.42 (VIOLATED)
       PIN :   ASYNC_FIFO_dut/FIFO_MEMORY_dut/FIFO_MEM_reg[14][4]/RN     1.50     1.92    -0.42 (VIOLATED)
       PIN :   ASYNC_FIFO_dut/FIFO_MEMORY_dut/FIFO_MEM_reg[13][4]/RN     1.50     1.92    -0.42 (VIOLATED)
       PIN :   ASYNC_FIFO_dut/FIFO_MEMORY_dut/FIFO_MEM_reg[12][4]/RN     1.50     1.92    -0.42 (VIOLATED)
       PIN :   ASYNC_FIFO_dut/FIFO_MEMORY_dut/FIFO_MEM_reg[11][4]/RN     1.50     1.92    -0.42 (VIOLATED)
       PIN :   ASYNC_FIFO_dut/FIFO_MEMORY_dut/FIFO_MEM_reg[10][4]/RN     1.50     1.92    -0.42 (VIOLATED)
       PIN :   ASYNC_FIFO_dut/FIFO_MEMORY_dut/FIFO_MEM_reg[9][4]/RN     1.50     1.92    -0.42 (VIOLATED)
       PIN :   ASYNC_FIFO_dut/FIFO_MEMORY_dut/FIFO_MEM_reg[8][4]/RN     1.50     1.92    -0.42 (VIOLATED)
       PIN :   ASYNC_FIFO_dut/FIFO_MEMORY_dut/FIFO_MEM_reg[7][4]/RN     1.50     1.92    -0.42 (VIOLATED)
       PIN :   ASYNC_FIFO_dut/FIFO_MEMORY_dut/FIFO_MEM_reg[6][4]/RN     1.50     1.92    -0.42 (VIOLATED)
       PIN :   ASYNC_FIFO_dut/FIFO_MEMORY_dut/FIFO_MEM_reg[5][4]/RN     1.50     1.92    -0.42 (VIOLATED)
       PIN :   ASYNC_FIFO_dut/FIFO_MEMORY_dut/FIFO_MEM_reg[4][4]/RN     1.50     1.92    -0.42 (VIOLATED)
       PIN :   ASYNC_FIFO_dut/FIFO_MEMORY_dut/FIFO_MEM_reg[3][4]/RN     1.50     1.92    -0.42 (VIOLATED)
       PIN :   ASYNC_FIFO_dut/FIFO_MEMORY_dut/FIFO_MEM_reg[2][4]/RN     1.50     1.92    -0.42 (VIOLATED)
       PIN :   ASYNC_FIFO_dut/FIFO_MEMORY_dut/FIFO_MEM_reg[1][4]/RN     1.50     1.92    -0.42 (VIOLATED)
       PIN :   ASYNC_FIFO_dut/FIFO_MEMORY_dut/FIFO_MEM_reg[0][4]/RN     1.50     1.92    -0.42 (VIOLATED)
       PIN :   ASYNC_FIFO_dut/FIFO_MEMORY_dut/FIFO_MEM_reg[15][3]/RN     1.50     1.92    -0.42 (VIOLATED)
       PIN :   ASYNC_FIFO_dut/FIFO_MEMORY_dut/FIFO_MEM_reg[14][3]/RN     1.50     1.92    -0.42 (VIOLATED)
       PIN :   ASYNC_FIFO_dut/FIFO_MEMORY_dut/FIFO_MEM_reg[13][3]/RN     1.50     1.92    -0.42 (VIOLATED)
       PIN :   ASYNC_FIFO_dut/FIFO_MEMORY_dut/FIFO_MEM_reg[12][3]/RN     1.50     1.92    -0.42 (VIOLATED)
       PIN :   ASYNC_FIFO_dut/FIFO_MEMORY_dut/FIFO_MEM_reg[11][3]/RN     1.50     1.92    -0.42 (VIOLATED)
       PIN :   ASYNC_FIFO_dut/FIFO_MEMORY_dut/FIFO_MEM_reg[10][3]/RN     1.50     1.92    -0.42 (VIOLATED)
       PIN :   ASYNC_FIFO_dut/FIFO_MEMORY_dut/FIFO_MEM_reg[9][3]/RN     1.50     1.92    -0.42 (VIOLATED)
       PIN :   ASYNC_FIFO_dut/FIFO_MEMORY_dut/FIFO_MEM_reg[8][3]/RN     1.50     1.92    -0.42 (VIOLATED)
       PIN :   ASYNC_FIFO_dut/FIFO_MEMORY_dut/FIFO_MEM_reg[7][3]/RN     1.50     1.92    -0.42 (VIOLATED)
       PIN :   ASYNC_FIFO_dut/FIFO_MEMORY_dut/FIFO_MEM_reg[6][3]/RN     1.50     1.92    -0.42 (VIOLATED)
       PIN :   ASYNC_FIFO_dut/FIFO_MEMORY_dut/FIFO_MEM_reg[5][3]/RN     1.50     1.92    -0.42 (VIOLATED)
       PIN :   ASYNC_FIFO_dut/FIFO_MEMORY_dut/FIFO_MEM_reg[4][3]/RN     1.50     1.92    -0.42 (VIOLATED)
       PIN :   ASYNC_FIFO_dut/FIFO_MEMORY_dut/FIFO_MEM_reg[3][3]/RN     1.50     1.92    -0.42 (VIOLATED)
       PIN :   ASYNC_FIFO_dut/FIFO_MEMORY_dut/FIFO_MEM_reg[2][3]/RN     1.50     1.92    -0.42 (VIOLATED)
       PIN :   ASYNC_FIFO_dut/FIFO_MEMORY_dut/FIFO_MEM_reg[1][3]/RN     1.50     1.92    -0.42 (VIOLATED)
       PIN :   ASYNC_FIFO_dut/FIFO_MEMORY_dut/FIFO_MEM_reg[0][3]/RN     1.50     1.92    -0.42 (VIOLATED)
       PIN :   ASYNC_FIFO_dut/FIFO_MEMORY_dut/FIFO_MEM_reg[15][2]/RN     1.50     1.92    -0.42 (VIOLATED)
       PIN :   ASYNC_FIFO_dut/FIFO_MEMORY_dut/FIFO_MEM_reg[14][2]/RN     1.50     1.92    -0.42 (VIOLATED)
       PIN :   ASYNC_FIFO_dut/FIFO_MEMORY_dut/FIFO_MEM_reg[13][2]/RN     1.50     1.92    -0.42 (VIOLATED)
       PIN :   ASYNC_FIFO_dut/FIFO_MEMORY_dut/FIFO_MEM_reg[12][2]/RN     1.50     1.92    -0.42 (VIOLATED)
       PIN :   ASYNC_FIFO_dut/FIFO_MEMORY_dut/FIFO_MEM_reg[11][2]/RN     1.50     1.92    -0.42 (VIOLATED)
       PIN :   ASYNC_FIFO_dut/FIFO_MEMORY_dut/FIFO_MEM_reg[10][2]/RN     1.50     1.92    -0.42 (VIOLATED)
       PIN :   ASYNC_FIFO_dut/FIFO_MEMORY_dut/FIFO_MEM_reg[9][2]/RN     1.50     1.92    -0.42 (VIOLATED)
       PIN :   ASYNC_FIFO_dut/FIFO_MEMORY_dut/FIFO_MEM_reg[8][2]/RN     1.50     1.92    -0.42 (VIOLATED)
       PIN :   ASYNC_FIFO_dut/FIFO_MEMORY_dut/FIFO_MEM_reg[7][2]/RN     1.50     1.92    -0.42 (VIOLATED)
       PIN :   ASYNC_FIFO_dut/FIFO_MEMORY_dut/FIFO_MEM_reg[6][2]/RN     1.50     1.92    -0.42 (VIOLATED)
       PIN :   ASYNC_FIFO_dut/FIFO_MEMORY_dut/FIFO_MEM_reg[5][2]/RN     1.50     1.92    -0.42 (VIOLATED)
       PIN :   ASYNC_FIFO_dut/FIFO_MEMORY_dut/FIFO_MEM_reg[4][2]/RN     1.50     1.92    -0.42 (VIOLATED)
       PIN :   ASYNC_FIFO_dut/FIFO_MEMORY_dut/FIFO_MEM_reg[3][2]/RN     1.50     1.92    -0.42 (VIOLATED)
       PIN :   ASYNC_FIFO_dut/FIFO_MEMORY_dut/FIFO_MEM_reg[2][2]/RN     1.50     1.92    -0.42 (VIOLATED)
       PIN :   ASYNC_FIFO_dut/FIFO_MEMORY_dut/FIFO_MEM_reg[1][2]/RN     1.50     1.92    -0.42 (VIOLATED)
       PIN :   ASYNC_FIFO_dut/FIFO_MEMORY_dut/FIFO_MEM_reg[0][2]/RN     1.50     1.92    -0.42 (VIOLATED)
       PIN :   ASYNC_FIFO_dut/FIFO_MEMORY_dut/FIFO_MEM_reg[15][1]/RN     1.50     1.92    -0.42 (VIOLATED)
       PIN :   ASYNC_FIFO_dut/FIFO_MEMORY_dut/FIFO_MEM_reg[14][1]/RN     1.50     1.92    -0.42 (VIOLATED)
       PIN :   ASYNC_FIFO_dut/FIFO_MEMORY_dut/FIFO_MEM_reg[13][1]/RN     1.50     1.92    -0.42 (VIOLATED)
       PIN :   ASYNC_FIFO_dut/FIFO_MEMORY_dut/FIFO_MEM_reg[12][1]/RN     1.50     1.92    -0.42 (VIOLATED)
       PIN :   ASYNC_FIFO_dut/FIFO_MEMORY_dut/FIFO_MEM_reg[11][1]/RN     1.50     1.92    -0.42 (VIOLATED)
       PIN :   ASYNC_FIFO_dut/FIFO_MEMORY_dut/FIFO_MEM_reg[10][1]/RN     1.50     1.92    -0.42 (VIOLATED)
       PIN :   ASYNC_FIFO_dut/FIFO_MEMORY_dut/FIFO_MEM_reg[9][1]/RN     1.50     1.92    -0.42 (VIOLATED)
       PIN :   ASYNC_FIFO_dut/FIFO_MEMORY_dut/FIFO_MEM_reg[8][1]/RN     1.50     1.92    -0.42 (VIOLATED)
       PIN :   ASYNC_FIFO_dut/FIFO_MEMORY_dut/FIFO_MEM_reg[7][1]/RN     1.50     1.92    -0.42 (VIOLATED)
       PIN :   ASYNC_FIFO_dut/FIFO_MEMORY_dut/FIFO_MEM_reg[6][1]/RN     1.50     1.92    -0.42 (VIOLATED)
       PIN :   ASYNC_FIFO_dut/FIFO_MEMORY_dut/FIFO_MEM_reg[5][1]/RN     1.50     1.92    -0.42 (VIOLATED)
       PIN :   ASYNC_FIFO_dut/FIFO_MEMORY_dut/FIFO_MEM_reg[4][1]/RN     1.50     1.92    -0.42 (VIOLATED)
       PIN :   ASYNC_FIFO_dut/FIFO_MEMORY_dut/FIFO_MEM_reg[3][1]/RN     1.50     1.92    -0.42 (VIOLATED)
       PIN :   ASYNC_FIFO_dut/FIFO_MEMORY_dut/FIFO_MEM_reg[2][1]/RN     1.50     1.92    -0.42 (VIOLATED)
       PIN :   ASYNC_FIFO_dut/FIFO_MEMORY_dut/FIFO_MEM_reg[1][1]/RN     1.50     1.92    -0.42 (VIOLATED)
       PIN :   ASYNC_FIFO_dut/FIFO_MEMORY_dut/FIFO_MEM_reg[0][1]/RN     1.50     1.92    -0.42 (VIOLATED)
       PIN :   ASYNC_FIFO_dut/FIFO_MEMORY_dut/FIFO_MEM_reg[15][0]/RN     1.50     1.92    -0.42 (VIOLATED)
       PIN :   ASYNC_FIFO_dut/FIFO_MEMORY_dut/FIFO_MEM_reg[14][0]/RN     1.50     1.92    -0.42 (VIOLATED)
       PIN :   ASYNC_FIFO_dut/FIFO_MEMORY_dut/FIFO_MEM_reg[13][0]/RN     1.50     1.92    -0.42 (VIOLATED)
       PIN :   ASYNC_FIFO_dut/FIFO_MEMORY_dut/FIFO_MEM_reg[12][0]/RN     1.50     1.92    -0.42 (VIOLATED)
       PIN :   ASYNC_FIFO_dut/FIFO_MEMORY_dut/FIFO_MEM_reg[11][0]/RN     1.50     1.92    -0.42 (VIOLATED)
       PIN :   ASYNC_FIFO_dut/FIFO_MEMORY_dut/FIFO_MEM_reg[10][0]/RN     1.50     1.92    -0.42 (VIOLATED)
       PIN :   ASYNC_FIFO_dut/FIFO_MEMORY_dut/FIFO_MEM_reg[9][0]/RN     1.50     1.92    -0.42 (VIOLATED)
       PIN :   ASYNC_FIFO_dut/FIFO_MEMORY_dut/FIFO_MEM_reg[8][0]/RN     1.50     1.92    -0.42 (VIOLATED)
       PIN :   ASYNC_FIFO_dut/FIFO_MEMORY_dut/FIFO_MEM_reg[7][0]/RN     1.50     1.92    -0.42 (VIOLATED)
       PIN :   ASYNC_FIFO_dut/FIFO_MEMORY_dut/FIFO_MEM_reg[6][0]/RN     1.50     1.92    -0.42 (VIOLATED)
       PIN :   ASYNC_FIFO_dut/FIFO_MEMORY_dut/FIFO_MEM_reg[5][0]/RN     1.50     1.92    -0.42 (VIOLATED)
       PIN :   ASYNC_FIFO_dut/FIFO_MEMORY_dut/FIFO_MEM_reg[4][0]/RN     1.50     1.92    -0.42 (VIOLATED)
       PIN :   ASYNC_FIFO_dut/FIFO_MEMORY_dut/FIFO_MEM_reg[3][0]/RN     1.50     1.92    -0.42 (VIOLATED)
       PIN :   ASYNC_FIFO_dut/FIFO_MEMORY_dut/FIFO_MEM_reg[2][0]/RN     1.50     1.92    -0.42 (VIOLATED)
       PIN :   ASYNC_FIFO_dut/FIFO_MEMORY_dut/FIFO_MEM_reg[1][0]/RN     1.50     1.92    -0.42 (VIOLATED)
       PIN :   ASYNC_FIFO_dut/FIFO_MEMORY_dut/FIFO_MEM_reg[0][0]/RN     1.50     1.92    -0.42 (VIOLATED)
       PIN :   ASYNC_FIFO_dut/fifo_wrptr_full_dut/U6/A     1.50     1.92    -0.42 (VIOLATED)
       PIN :   ASYNC_FIFO_dut/fifo_wrptr_full_dut/gray_Wptr_reg[3]/RN     1.50     1.92    -0.42 (VIOLATED)
       PIN :   ASYNC_FIFO_dut/fifo_wrptr_full_dut/gray_Wptr_reg[2]/RN     1.50     1.92    -0.42 (VIOLATED)
       PIN :   ASYNC_FIFO_dut/fifo_wrptr_full_dut/gray_Wptr_reg[0]/RN     1.50     1.92    -0.42 (VIOLATED)
       PIN :   ASYNC_FIFO_dut/fifo_wrptr_full_dut/gray_Wptr_reg[1]/RN     1.50     1.92    -0.42 (VIOLATED)
       PIN :   ASYNC_FIFO_dut/fifo_wrptr_full_dut/Wptr_reg[0]/RN     1.50     1.92    -0.42 (VIOLATED)
       PIN :   ASYNC_FIFO_dut/fifo_wrptr_full_dut/Wptr_reg[1]/RN     1.50     1.92    -0.42 (VIOLATED)
       PIN :   ASYNC_FIFO_dut/fifo_wrptr_full_dut/Wptr_reg[2]/RN     1.50     1.92    -0.42 (VIOLATED)
       PIN :   ASYNC_FIFO_dut/fifo_wrptr_full_dut/Wptr_reg[3]/RN     1.50     1.92    -0.42 (VIOLATED)
       PIN :   ASYNC_FIFO_dut/fifo_wrptr_full_dut/Wptr_reg[4]/RN     1.50     1.92    -0.42 (VIOLATED)
       PIN :   ASYNC_FIFO_dut/U2/C     1.50     1.92         -0.42  (VIOLATED)
       PIN :   ALU_dut/OUT_VALID_reg/SN     1.50     1.92    -0.42  (VIOLATED)
       PIN :   ALU_dut/ALU_OUT_reg[0]/RN     1.50     1.92    -0.42 (VIOLATED)
       PIN :   ALU_dut/ALU_OUT_reg[4]/RN     1.50     1.92    -0.42 (VIOLATED)
       PIN :   ALU_dut/ALU_OUT_reg[5]/RN     1.50     1.92    -0.42 (VIOLATED)
       PIN :   ALU_dut/ALU_OUT_reg[6]/RN     1.50     1.92    -0.42 (VIOLATED)
       PIN :   ALU_dut/ALU_OUT_reg[3]/RN     1.50     1.92    -0.42 (VIOLATED)
       PIN :   ALU_dut/ALU_OUT_reg[7]/RN     1.50     1.92    -0.42 (VIOLATED)
       PIN :   ALU_dut/ALU_OUT_reg[2]/RN     1.50     1.92    -0.42 (VIOLATED)
       PIN :   ALU_dut/ALU_OUT_reg[1]/RN     1.50     1.92    -0.42 (VIOLATED)
       PIN :   Reg_file_dut/reg_file_reg[1][3]/RN     1.50     1.92    -0.42 (VIOLATED)
       PIN :   Reg_file_dut/reg_file_reg[1][2]/RN     1.50     1.92    -0.42 (VIOLATED)
       PIN :   Reg_file_dut/reg_file_reg[1][1]/RN     1.50     1.92    -0.42 (VIOLATED)
       PIN :   Reg_file_dut/reg_file_reg[1][0]/RN     1.50     1.92    -0.42 (VIOLATED)
       PIN :   Reg_file_dut/reg_file_reg[1][5]/RN     1.50     1.92    -0.42 (VIOLATED)
       PIN :   Reg_file_dut/reg_file_reg[1][6]/RN     1.50     1.92    -0.42 (VIOLATED)
       PIN :   Reg_file_dut/RdData_Valid_reg/RN     1.50     1.92    -0.42 (VIOLATED)
       PIN :   Reg_file_dut/reg_file_reg[0][6]/RN     1.50     1.92    -0.42 (VIOLATED)
       PIN :   Reg_file_dut/reg_file_reg[0][5]/RN     1.50     1.92    -0.42 (VIOLATED)
       PIN :   Reg_file_dut/reg_file_reg[0][7]/RN     1.50     1.92    -0.42 (VIOLATED)
       PIN :   Reg_file_dut/reg_file_reg[9][7]/RN     1.50     1.92    -0.42 (VIOLATED)
       PIN :   Reg_file_dut/reg_file_reg[9][6]/RN     1.50     1.92    -0.42 (VIOLATED)
       PIN :   Reg_file_dut/reg_file_reg[9][5]/RN     1.50     1.92    -0.42 (VIOLATED)
       PIN :   Reg_file_dut/reg_file_reg[9][4]/RN     1.50     1.92    -0.42 (VIOLATED)
       PIN :   Reg_file_dut/reg_file_reg[9][3]/RN     1.50     1.92    -0.42 (VIOLATED)
       PIN :   Reg_file_dut/reg_file_reg[9][2]/RN     1.50     1.92    -0.42 (VIOLATED)
       PIN :   Reg_file_dut/reg_file_reg[9][1]/RN     1.50     1.92    -0.42 (VIOLATED)
       PIN :   Reg_file_dut/reg_file_reg[9][0]/RN     1.50     1.92    -0.42 (VIOLATED)
       PIN :   Reg_file_dut/reg_file_reg[8][7]/RN     1.50     1.92    -0.42 (VIOLATED)
       PIN :   Reg_file_dut/reg_file_reg[8][6]/RN     1.50     1.92    -0.42 (VIOLATED)
       PIN :   Reg_file_dut/reg_file_reg[8][5]/RN     1.50     1.92    -0.42 (VIOLATED)
       PIN :   Reg_file_dut/reg_file_reg[8][4]/RN     1.50     1.92    -0.42 (VIOLATED)
       PIN :   Reg_file_dut/reg_file_reg[8][3]/RN     1.50     1.92    -0.42 (VIOLATED)
       PIN :   Reg_file_dut/reg_file_reg[8][2]/RN     1.50     1.92    -0.42 (VIOLATED)
       PIN :   Reg_file_dut/reg_file_reg[8][1]/RN     1.50     1.92    -0.42 (VIOLATED)
       PIN :   Reg_file_dut/reg_file_reg[8][0]/RN     1.50     1.92    -0.42 (VIOLATED)
       PIN :   Reg_file_dut/reg_file_reg[0][3]/RN     1.50     1.92    -0.42 (VIOLATED)
       PIN :   Reg_file_dut/reg_file_reg[0][2]/RN     1.50     1.92    -0.42 (VIOLATED)
       PIN :   Reg_file_dut/reg_file_reg[0][0]/RN     1.50     1.92    -0.42 (VIOLATED)
       PIN :   Reg_file_dut/reg_file_reg[0][4]/RN     1.50     1.92    -0.42 (VIOLATED)
       PIN :   Reg_file_dut/reg_file_reg[0][1]/RN     1.50     1.92    -0.42 (VIOLATED)
       PIN :   Reg_file_dut/reg_file_reg[15][7]/RN     1.50     1.92    -0.42 (VIOLATED)
       PIN :   Reg_file_dut/reg_file_reg[15][6]/RN     1.50     1.92    -0.42 (VIOLATED)
       PIN :   Reg_file_dut/reg_file_reg[15][5]/RN     1.50     1.92    -0.42 (VIOLATED)
       PIN :   Reg_file_dut/reg_file_reg[15][4]/RN     1.50     1.92    -0.42 (VIOLATED)
       PIN :   Reg_file_dut/reg_file_reg[15][3]/RN     1.50     1.92    -0.42 (VIOLATED)
       PIN :   Reg_file_dut/reg_file_reg[15][2]/RN     1.50     1.92    -0.42 (VIOLATED)
       PIN :   Reg_file_dut/reg_file_reg[15][1]/RN     1.50     1.92    -0.42 (VIOLATED)
       PIN :   Reg_file_dut/reg_file_reg[15][0]/RN     1.50     1.92    -0.42 (VIOLATED)
       PIN :   Reg_file_dut/reg_file_reg[14][7]/RN     1.50     1.92    -0.42 (VIOLATED)
       PIN :   Reg_file_dut/reg_file_reg[1][4]/SN     1.50     1.92    -0.42 (VIOLATED)
       PIN :   Reg_file_dut/RdData_reg[7]/RN     1.50     1.92    -0.42 (VIOLATED)
       PIN :   Reg_file_dut/RdData_reg[6]/RN     1.50     1.92    -0.42 (VIOLATED)
       PIN :   Reg_file_dut/RdData_reg[5]/RN     1.50     1.92    -0.42 (VIOLATED)
       PIN :   Reg_file_dut/RdData_reg[4]/RN     1.50     1.92    -0.42 (VIOLATED)
       PIN :   Reg_file_dut/RdData_reg[3]/RN     1.50     1.92    -0.42 (VIOLATED)
       PIN :   Reg_file_dut/RdData_reg[2]/RN     1.50     1.92    -0.42 (VIOLATED)
       PIN :   Reg_file_dut/RdData_reg[1]/RN     1.50     1.92    -0.42 (VIOLATED)
       PIN :   Reg_file_dut/RdData_reg[0]/RN     1.50     1.92    -0.42 (VIOLATED)
       PIN :   Reg_file_dut/reg_file_reg[1][7]/RN     1.50     1.92    -0.42 (VIOLATED)
       PIN :   Reg_file_dut/reg_file_reg[4][7]/RN     1.50     1.92    -0.42 (VIOLATED)
       PIN :   Reg_file_dut/reg_file_reg[4][6]/RN     1.50     1.92    -0.42 (VIOLATED)
       PIN :   Reg_file_dut/reg_file_reg[4][5]/RN     1.50     1.92    -0.42 (VIOLATED)
       PIN :   Reg_file_dut/reg_file_reg[4][4]/RN     1.50     1.92    -0.42 (VIOLATED)
       PIN :   Reg_file_dut/reg_file_reg[4][3]/RN     1.50     1.92    -0.42 (VIOLATED)
       PIN :   Reg_file_dut/reg_file_reg[4][2]/RN     1.50     1.92    -0.42 (VIOLATED)
       PIN :   Reg_file_dut/reg_file_reg[4][1]/RN     1.50     1.92    -0.42 (VIOLATED)
       PIN :   Reg_file_dut/reg_file_reg[4][0]/RN     1.50     1.92    -0.42 (VIOLATED)
       PIN :   Reg_file_dut/reg_file_reg[5][7]/RN     1.50     1.92    -0.42 (VIOLATED)
       PIN :   Reg_file_dut/reg_file_reg[5][6]/RN     1.50     1.92    -0.42 (VIOLATED)
       PIN :   Reg_file_dut/reg_file_reg[5][5]/RN     1.50     1.92    -0.42 (VIOLATED)
       PIN :   Reg_file_dut/reg_file_reg[5][4]/RN     1.50     1.92    -0.42 (VIOLATED)
       PIN :   Reg_file_dut/reg_file_reg[5][3]/RN     1.50     1.92    -0.42 (VIOLATED)
       PIN :   Reg_file_dut/reg_file_reg[5][2]/RN     1.50     1.92    -0.42 (VIOLATED)
       PIN :   Reg_file_dut/reg_file_reg[5][1]/RN     1.50     1.92    -0.42 (VIOLATED)
       PIN :   Reg_file_dut/reg_file_reg[5][0]/RN     1.50     1.92    -0.42 (VIOLATED)
       PIN :   Reg_file_dut/reg_file_reg[6][7]/RN     1.50     1.92    -0.42 (VIOLATED)
       PIN :   Reg_file_dut/reg_file_reg[6][6]/RN     1.50     1.92    -0.42 (VIOLATED)
       PIN :   Reg_file_dut/reg_file_reg[6][5]/RN     1.50     1.92    -0.42 (VIOLATED)
       PIN :   Reg_file_dut/reg_file_reg[6][4]/RN     1.50     1.92    -0.42 (VIOLATED)
       PIN :   Reg_file_dut/reg_file_reg[6][3]/RN     1.50     1.92    -0.42 (VIOLATED)
       PIN :   Reg_file_dut/reg_file_reg[6][2]/RN     1.50     1.92    -0.42 (VIOLATED)
       PIN :   Reg_file_dut/reg_file_reg[6][1]/RN     1.50     1.92    -0.42 (VIOLATED)
       PIN :   Reg_file_dut/reg_file_reg[6][0]/RN     1.50     1.92    -0.42 (VIOLATED)
       PIN :   Reg_file_dut/reg_file_reg[7][7]/RN     1.50     1.92    -0.42 (VIOLATED)
       PIN :   Reg_file_dut/reg_file_reg[7][6]/RN     1.50     1.92    -0.42 (VIOLATED)
       PIN :   Reg_file_dut/reg_file_reg[7][5]/RN     1.50     1.92    -0.42 (VIOLATED)
       PIN :   Reg_file_dut/reg_file_reg[7][4]/RN     1.50     1.92    -0.42 (VIOLATED)
       PIN :   Reg_file_dut/reg_file_reg[7][3]/RN     1.50     1.92    -0.42 (VIOLATED)
       PIN :   Reg_file_dut/reg_file_reg[7][2]/RN     1.50     1.92    -0.42 (VIOLATED)
       PIN :   Reg_file_dut/reg_file_reg[7][1]/RN     1.50     1.92    -0.42 (VIOLATED)
       PIN :   Reg_file_dut/reg_file_reg[7][0]/RN     1.50     1.92    -0.42 (VIOLATED)
       PIN :   Reg_file_dut/reg_file_reg[10][7]/RN     1.50     1.92    -0.42 (VIOLATED)
       PIN :   Reg_file_dut/reg_file_reg[10][6]/RN     1.50     1.92    -0.42 (VIOLATED)
       PIN :   Reg_file_dut/reg_file_reg[10][5]/RN     1.50     1.92    -0.42 (VIOLATED)
       PIN :   Reg_file_dut/reg_file_reg[10][4]/RN     1.50     1.92    -0.42 (VIOLATED)
       PIN :   Reg_file_dut/reg_file_reg[10][3]/RN     1.50     1.92    -0.42 (VIOLATED)
       PIN :   Reg_file_dut/reg_file_reg[10][2]/RN     1.50     1.92    -0.42 (VIOLATED)
       PIN :   Reg_file_dut/reg_file_reg[10][1]/RN     1.50     1.92    -0.42 (VIOLATED)
       PIN :   Reg_file_dut/reg_file_reg[10][0]/RN     1.50     1.92    -0.42 (VIOLATED)
       PIN :   Reg_file_dut/reg_file_reg[11][7]/RN     1.50     1.92    -0.42 (VIOLATED)
       PIN :   Reg_file_dut/reg_file_reg[11][6]/RN     1.50     1.92    -0.42 (VIOLATED)
       PIN :   Reg_file_dut/reg_file_reg[11][5]/RN     1.50     1.92    -0.42 (VIOLATED)
       PIN :   Reg_file_dut/reg_file_reg[11][4]/RN     1.50     1.92    -0.42 (VIOLATED)
       PIN :   Reg_file_dut/reg_file_reg[11][3]/RN     1.50     1.92    -0.42 (VIOLATED)
       PIN :   Reg_file_dut/reg_file_reg[11][2]/RN     1.50     1.92    -0.42 (VIOLATED)
       PIN :   Reg_file_dut/reg_file_reg[11][1]/RN     1.50     1.92    -0.42 (VIOLATED)
       PIN :   Reg_file_dut/reg_file_reg[11][0]/RN     1.50     1.92    -0.42 (VIOLATED)
       PIN :   Reg_file_dut/reg_file_reg[12][7]/RN     1.50     1.92    -0.42 (VIOLATED)
       PIN :   Reg_file_dut/reg_file_reg[12][6]/RN     1.50     1.92    -0.42 (VIOLATED)
       PIN :   Reg_file_dut/reg_file_reg[12][5]/RN     1.50     1.92    -0.42 (VIOLATED)
       PIN :   Reg_file_dut/reg_file_reg[12][4]/RN     1.50     1.92    -0.42 (VIOLATED)
       PIN :   Reg_file_dut/reg_file_reg[12][3]/RN     1.50     1.92    -0.42 (VIOLATED)
       PIN :   Reg_file_dut/reg_file_reg[12][2]/RN     1.50     1.92    -0.42 (VIOLATED)
       PIN :   Reg_file_dut/reg_file_reg[12][1]/RN     1.50     1.92    -0.42 (VIOLATED)
       PIN :   Reg_file_dut/reg_file_reg[12][0]/RN     1.50     1.92    -0.42 (VIOLATED)
       PIN :   Reg_file_dut/reg_file_reg[13][7]/RN     1.50     1.92    -0.42 (VIOLATED)
       PIN :   Reg_file_dut/reg_file_reg[13][6]/RN     1.50     1.92    -0.42 (VIOLATED)
       PIN :   Reg_file_dut/reg_file_reg[13][5]/RN     1.50     1.92    -0.42 (VIOLATED)
       PIN :   Reg_file_dut/reg_file_reg[13][4]/RN     1.50     1.92    -0.42 (VIOLATED)
       PIN :   Reg_file_dut/reg_file_reg[13][3]/RN     1.50     1.92    -0.42 (VIOLATED)
       PIN :   Reg_file_dut/reg_file_reg[13][2]/RN     1.50     1.92    -0.42 (VIOLATED)
       PIN :   Reg_file_dut/reg_file_reg[13][1]/RN     1.50     1.92    -0.42 (VIOLATED)
       PIN :   Reg_file_dut/reg_file_reg[13][0]/RN     1.50     1.92    -0.42 (VIOLATED)
       PIN :   Reg_file_dut/reg_file_reg[14][6]/RN     1.50     1.92    -0.42 (VIOLATED)
       PIN :   Reg_file_dut/reg_file_reg[14][5]/RN     1.50     1.92    -0.42 (VIOLATED)
       PIN :   Reg_file_dut/reg_file_reg[14][4]/RN     1.50     1.92    -0.42 (VIOLATED)
       PIN :   Reg_file_dut/reg_file_reg[14][3]/RN     1.50     1.92    -0.42 (VIOLATED)
       PIN :   Reg_file_dut/reg_file_reg[14][2]/RN     1.50     1.92    -0.42 (VIOLATED)
       PIN :   Reg_file_dut/reg_file_reg[14][1]/RN     1.50     1.92    -0.42 (VIOLATED)
       PIN :   Reg_file_dut/reg_file_reg[14][0]/RN     1.50     1.92    -0.42 (VIOLATED)
       PIN :   SYS_CTRL_dut/Counter_reg[0]/RN     1.50     1.92    -0.42 (VIOLATED)
       PIN :   SYS_CTRL_dut/Counter_reg[1]/RN     1.50     1.92    -0.42 (VIOLATED)
       PIN :   SYS_CTRL_dut/flag_1_reg/RN     1.50     1.92    -0.42 (VIOLATED)
       PIN :   SYS_CTRL_dut/Addr_next_reg[1]/RN     1.50     1.92    -0.42 (VIOLATED)
       PIN :   SYS_CTRL_dut/Addr_next_reg[3]/RN     1.50     1.92    -0.42 (VIOLATED)
       PIN :   SYS_CTRL_dut/Addr_next_reg[2]/RN     1.50     1.92    -0.42 (VIOLATED)
       PIN :   SYS_CTRL_dut/Addr_next_reg[0]/RN     1.50     1.92    -0.42 (VIOLATED)
       PIN :   SYS_CTRL_dut/current_state_reg[2]/RN     1.50     1.92    -0.42 (VIOLATED)
       PIN :   SYS_CTRL_dut/current_state_reg[0]/RN     1.50     1.92    -0.42 (VIOLATED)
       PIN :   SYS_CTRL_dut/current_state_reg[3]/RN     1.50     1.92    -0.42 (VIOLATED)
       PIN :   SYS_CTRL_dut/current_state_reg[1]/RN     1.50     1.92    -0.42 (VIOLATED)
       PIN :   Data_Sync_dut/U12/B     1.50     1.92         -0.42  (VIOLATED)
       PIN :   Data_Sync_dut/FF_Stage_reg[1]/RN     1.50     1.92    -0.42 (VIOLATED)
       PIN :   Data_Sync_dut/enable_pulse_reg/RN     1.50     1.92    -0.42 (VIOLATED)
       PIN :   Data_Sync_dut/SYNC_bus_reg[5]/RN     1.50     1.92    -0.42 (VIOLATED)
       PIN :   Data_Sync_dut/SYNC_bus_reg[4]/RN     1.50     1.92    -0.42 (VIOLATED)
       PIN :   Data_Sync_dut/SYNC_bus_reg[1]/RN     1.50     1.92    -0.42 (VIOLATED)
       PIN :   Data_Sync_dut/SYNC_bus_reg[0]/RN     1.50     1.92    -0.42 (VIOLATED)
       PIN :   Data_Sync_dut/SYNC_bus_reg[6]/RN     1.50     1.92    -0.42 (VIOLATED)
       PIN :   Data_Sync_dut/SYNC_bus_reg[3]/RN     1.50     1.92    -0.42 (VIOLATED)
       PIN :   Data_Sync_dut/SYNC_bus_reg[7]/RN     1.50     1.92    -0.42 (VIOLATED)
       PIN :   Data_Sync_dut/SYNC_bus_reg[2]/RN     1.50     1.92    -0.42 (VIOLATED)
       PIN :   Data_Sync_dut/Q_in_reg/RN     1.50     1.92    -0.42 (VIOLATED)
       PIN :   Data_Sync_dut/pulse_gen_reg/RN     1.50     1.92    -0.42 (VIOLATED)
       PIN :   Data_Sync_dut/FF_Stage_reg[0]/RN     1.50     1.92    -0.42 (VIOLATED)
       PIN :   Rst_Sync_D1_dut/U4/Y     1.50     1.92        -0.42  (VIOLATED)
   ASYNC_FIFO_dut/FIFO_MEMORY_dut/n207 (dont_touch)     1.50     1.57    -0.07 (VIOLATED)
       PIN :   ASYNC_FIFO_dut/FIFO_MEMORY_dut/U285/B1     1.50     1.57    -0.07 (VIOLATED)
       PIN :   ASYNC_FIFO_dut/FIFO_MEMORY_dut/U71/B1     1.50     1.57    -0.07 (VIOLATED)
       PIN :   ASYNC_FIFO_dut/FIFO_MEMORY_dut/U15/B1     1.50     1.57    -0.07 (VIOLATED)
       PIN :   ASYNC_FIFO_dut/FIFO_MEMORY_dut/U38/B1     1.50     1.57    -0.07 (VIOLATED)
       PIN :   ASYNC_FIFO_dut/FIFO_MEMORY_dut/U49/B1     1.50     1.57    -0.07 (VIOLATED)
       PIN :   ASYNC_FIFO_dut/FIFO_MEMORY_dut/U104/B1     1.50     1.57    -0.07 (VIOLATED)
       PIN :   ASYNC_FIFO_dut/FIFO_MEMORY_dut/U93/B1     1.50     1.57    -0.07 (VIOLATED)
       PIN :   ASYNC_FIFO_dut/FIFO_MEMORY_dut/U82/B1     1.50     1.57    -0.07 (VIOLATED)
       PIN :   ASYNC_FIFO_dut/FIFO_MEMORY_dut/U235/A1N     1.50     1.57    -0.07 (VIOLATED)
       PIN :   ASYNC_FIFO_dut/FIFO_MEMORY_dut/U235/B0     1.50     1.57    -0.07 (VIOLATED)
       PIN :   ASYNC_FIFO_dut/FIFO_MEMORY_dut/U252/A1N     1.50     1.57    -0.07 (VIOLATED)
       PIN :   ASYNC_FIFO_dut/FIFO_MEMORY_dut/U252/B0     1.50     1.57    -0.07 (VIOLATED)
       PIN :   ASYNC_FIFO_dut/FIFO_MEMORY_dut/U269/A1N     1.50     1.57    -0.07 (VIOLATED)
       PIN :   ASYNC_FIFO_dut/FIFO_MEMORY_dut/U269/B0     1.50     1.57    -0.07 (VIOLATED)
       PIN :   ASYNC_FIFO_dut/FIFO_MEMORY_dut/U286/A1N     1.50     1.57    -0.07 (VIOLATED)
       PIN :   ASYNC_FIFO_dut/FIFO_MEMORY_dut/U286/B0     1.50     1.57    -0.07 (VIOLATED)
       PIN :   ASYNC_FIFO_dut/FIFO_MEMORY_dut/U303/A1N     1.50     1.57    -0.07 (VIOLATED)
       PIN :   ASYNC_FIFO_dut/FIFO_MEMORY_dut/U303/B0     1.50     1.57    -0.07 (VIOLATED)
       PIN :   ASYNC_FIFO_dut/FIFO_MEMORY_dut/U320/A1N     1.50     1.57    -0.07 (VIOLATED)
       PIN :   ASYNC_FIFO_dut/FIFO_MEMORY_dut/U320/B0     1.50     1.57    -0.07 (VIOLATED)
       PIN :   ASYNC_FIFO_dut/FIFO_MEMORY_dut/U337/A1N     1.50     1.57    -0.07 (VIOLATED)
       PIN :   ASYNC_FIFO_dut/FIFO_MEMORY_dut/U337/B0     1.50     1.57    -0.07 (VIOLATED)
       PIN :   ASYNC_FIFO_dut/FIFO_MEMORY_dut/U354/A1N     1.50     1.57    -0.07 (VIOLATED)
       PIN :   ASYNC_FIFO_dut/FIFO_MEMORY_dut/U354/B0     1.50     1.57    -0.07 (VIOLATED)
       PIN :   ASYNC_FIFO_dut/FIFO_MEMORY_dut/U14/Y     1.50     1.57    -0.07 (VIOLATED)

   -----------------------------------------------------------------
   Total                      3                  -1.76  

1
