**************************************************
Report         : passing_points

Reference      : Ref:/WORK/SYS_TOP
Implementation : Imp:/WORK/SYS_TOP
Version        : L-2016.03-SP1
Date           : Thu Sep 21 04:50:18 2023
**************************************************

435 Passing compare points:

  Ref  LAT        Ref:/WORK/SYS_TOP/CLK_GATE_dut/ICG_DUT
  Impl LAT        Imp:/WORK/SYS_TOP/CLK_GATE_dut/ICG_DUT

  Ref  DFF        Ref:/WORK/SYS_TOP/ALU_dut/ALU_OUT_reg[0]
  Impl DFF        Imp:/WORK/SYS_TOP/ALU_dut/ALU_OUT_reg[0]

  Ref  DFF        Ref:/WORK/SYS_TOP/ALU_dut/ALU_OUT_reg[1]
  Impl DFF        Imp:/WORK/SYS_TOP/ALU_dut/ALU_OUT_reg[1]

  Ref  DFF        Ref:/WORK/SYS_TOP/ALU_dut/ALU_OUT_reg[2]
  Impl DFF        Imp:/WORK/SYS_TOP/ALU_dut/ALU_OUT_reg[2]

  Ref  DFF        Ref:/WORK/SYS_TOP/ALU_dut/ALU_OUT_reg[3]
  Impl DFF        Imp:/WORK/SYS_TOP/ALU_dut/ALU_OUT_reg[3]

  Ref  DFF        Ref:/WORK/SYS_TOP/ALU_dut/ALU_OUT_reg[4]
  Impl DFF        Imp:/WORK/SYS_TOP/ALU_dut/ALU_OUT_reg[4]

  Ref  DFF        Ref:/WORK/SYS_TOP/ALU_dut/ALU_OUT_reg[5]
  Impl DFF        Imp:/WORK/SYS_TOP/ALU_dut/ALU_OUT_reg[5]

  Ref  DFF        Ref:/WORK/SYS_TOP/ALU_dut/ALU_OUT_reg[6]
  Impl DFF        Imp:/WORK/SYS_TOP/ALU_dut/ALU_OUT_reg[6]

  Ref  DFF        Ref:/WORK/SYS_TOP/ALU_dut/ALU_OUT_reg[7]
  Impl DFF        Imp:/WORK/SYS_TOP/ALU_dut/ALU_OUT_reg[7]

  Ref  DFF        Ref:/WORK/SYS_TOP/ALU_dut/OUT_VALID_reg
  Impl DFF        Imp:/WORK/SYS_TOP/ALU_dut/OUT_VALID_reg

  Ref  DFF        Ref:/WORK/SYS_TOP/ASYNC_FIFO_dut/FIFO_MEMORY_dut/FIFO_MEM_reg[0][0]
  Impl DFF        Imp:/WORK/SYS_TOP/ASYNC_FIFO_dut/FIFO_MEMORY_dut/FIFO_MEM_reg[0][0]

  Ref  DFF        Ref:/WORK/SYS_TOP/ASYNC_FIFO_dut/FIFO_MEMORY_dut/FIFO_MEM_reg[0][1]
  Impl DFF        Imp:/WORK/SYS_TOP/ASYNC_FIFO_dut/FIFO_MEMORY_dut/FIFO_MEM_reg[0][1]

  Ref  DFF        Ref:/WORK/SYS_TOP/ASYNC_FIFO_dut/FIFO_MEMORY_dut/FIFO_MEM_reg[0][2]
  Impl DFF        Imp:/WORK/SYS_TOP/ASYNC_FIFO_dut/FIFO_MEMORY_dut/FIFO_MEM_reg[0][2]

  Ref  DFF        Ref:/WORK/SYS_TOP/ASYNC_FIFO_dut/FIFO_MEMORY_dut/FIFO_MEM_reg[0][3]
  Impl DFF        Imp:/WORK/SYS_TOP/ASYNC_FIFO_dut/FIFO_MEMORY_dut/FIFO_MEM_reg[0][3]

  Ref  DFF        Ref:/WORK/SYS_TOP/ASYNC_FIFO_dut/FIFO_MEMORY_dut/FIFO_MEM_reg[0][4]
  Impl DFF        Imp:/WORK/SYS_TOP/ASYNC_FIFO_dut/FIFO_MEMORY_dut/FIFO_MEM_reg[0][4]

  Ref  DFF        Ref:/WORK/SYS_TOP/ASYNC_FIFO_dut/FIFO_MEMORY_dut/FIFO_MEM_reg[0][5]
  Impl DFF        Imp:/WORK/SYS_TOP/ASYNC_FIFO_dut/FIFO_MEMORY_dut/FIFO_MEM_reg[0][5]

  Ref  DFF        Ref:/WORK/SYS_TOP/ASYNC_FIFO_dut/FIFO_MEMORY_dut/FIFO_MEM_reg[0][6]
  Impl DFF        Imp:/WORK/SYS_TOP/ASYNC_FIFO_dut/FIFO_MEMORY_dut/FIFO_MEM_reg[0][6]

  Ref  DFF        Ref:/WORK/SYS_TOP/ASYNC_FIFO_dut/FIFO_MEMORY_dut/FIFO_MEM_reg[0][7]
  Impl DFF        Imp:/WORK/SYS_TOP/ASYNC_FIFO_dut/FIFO_MEMORY_dut/FIFO_MEM_reg[0][7]

  Ref  DFF        Ref:/WORK/SYS_TOP/ASYNC_FIFO_dut/FIFO_MEMORY_dut/FIFO_MEM_reg[10][0]
  Impl DFF        Imp:/WORK/SYS_TOP/ASYNC_FIFO_dut/FIFO_MEMORY_dut/FIFO_MEM_reg[10][0]

  Ref  DFF        Ref:/WORK/SYS_TOP/ASYNC_FIFO_dut/FIFO_MEMORY_dut/FIFO_MEM_reg[10][1]
  Impl DFF        Imp:/WORK/SYS_TOP/ASYNC_FIFO_dut/FIFO_MEMORY_dut/FIFO_MEM_reg[10][1]

  Ref  DFF        Ref:/WORK/SYS_TOP/ASYNC_FIFO_dut/FIFO_MEMORY_dut/FIFO_MEM_reg[10][2]
  Impl DFF        Imp:/WORK/SYS_TOP/ASYNC_FIFO_dut/FIFO_MEMORY_dut/FIFO_MEM_reg[10][2]

  Ref  DFF        Ref:/WORK/SYS_TOP/ASYNC_FIFO_dut/FIFO_MEMORY_dut/FIFO_MEM_reg[10][3]
  Impl DFF        Imp:/WORK/SYS_TOP/ASYNC_FIFO_dut/FIFO_MEMORY_dut/FIFO_MEM_reg[10][3]

  Ref  DFF        Ref:/WORK/SYS_TOP/ASYNC_FIFO_dut/FIFO_MEMORY_dut/FIFO_MEM_reg[10][4]
  Impl DFF        Imp:/WORK/SYS_TOP/ASYNC_FIFO_dut/FIFO_MEMORY_dut/FIFO_MEM_reg[10][4]

  Ref  DFF        Ref:/WORK/SYS_TOP/ASYNC_FIFO_dut/FIFO_MEMORY_dut/FIFO_MEM_reg[10][5]
  Impl DFF        Imp:/WORK/SYS_TOP/ASYNC_FIFO_dut/FIFO_MEMORY_dut/FIFO_MEM_reg[10][5]

  Ref  DFF        Ref:/WORK/SYS_TOP/ASYNC_FIFO_dut/FIFO_MEMORY_dut/FIFO_MEM_reg[10][6]
  Impl DFF        Imp:/WORK/SYS_TOP/ASYNC_FIFO_dut/FIFO_MEMORY_dut/FIFO_MEM_reg[10][6]

  Ref  DFF        Ref:/WORK/SYS_TOP/ASYNC_FIFO_dut/FIFO_MEMORY_dut/FIFO_MEM_reg[10][7]
  Impl DFF        Imp:/WORK/SYS_TOP/ASYNC_FIFO_dut/FIFO_MEMORY_dut/FIFO_MEM_reg[10][7]

  Ref  DFF        Ref:/WORK/SYS_TOP/ASYNC_FIFO_dut/FIFO_MEMORY_dut/FIFO_MEM_reg[11][0]
  Impl DFF        Imp:/WORK/SYS_TOP/ASYNC_FIFO_dut/FIFO_MEMORY_dut/FIFO_MEM_reg[11][0]

  Ref  DFF        Ref:/WORK/SYS_TOP/ASYNC_FIFO_dut/FIFO_MEMORY_dut/FIFO_MEM_reg[11][1]
  Impl DFF        Imp:/WORK/SYS_TOP/ASYNC_FIFO_dut/FIFO_MEMORY_dut/FIFO_MEM_reg[11][1]

  Ref  DFF        Ref:/WORK/SYS_TOP/ASYNC_FIFO_dut/FIFO_MEMORY_dut/FIFO_MEM_reg[11][2]
  Impl DFF        Imp:/WORK/SYS_TOP/ASYNC_FIFO_dut/FIFO_MEMORY_dut/FIFO_MEM_reg[11][2]

  Ref  DFF        Ref:/WORK/SYS_TOP/ASYNC_FIFO_dut/FIFO_MEMORY_dut/FIFO_MEM_reg[11][3]
  Impl DFF        Imp:/WORK/SYS_TOP/ASYNC_FIFO_dut/FIFO_MEMORY_dut/FIFO_MEM_reg[11][3]

  Ref  DFF        Ref:/WORK/SYS_TOP/ASYNC_FIFO_dut/FIFO_MEMORY_dut/FIFO_MEM_reg[11][4]
  Impl DFF        Imp:/WORK/SYS_TOP/ASYNC_FIFO_dut/FIFO_MEMORY_dut/FIFO_MEM_reg[11][4]

  Ref  DFF        Ref:/WORK/SYS_TOP/ASYNC_FIFO_dut/FIFO_MEMORY_dut/FIFO_MEM_reg[11][5]
  Impl DFF        Imp:/WORK/SYS_TOP/ASYNC_FIFO_dut/FIFO_MEMORY_dut/FIFO_MEM_reg[11][5]

  Ref  DFF        Ref:/WORK/SYS_TOP/ASYNC_FIFO_dut/FIFO_MEMORY_dut/FIFO_MEM_reg[11][6]
  Impl DFF        Imp:/WORK/SYS_TOP/ASYNC_FIFO_dut/FIFO_MEMORY_dut/FIFO_MEM_reg[11][6]

  Ref  DFF        Ref:/WORK/SYS_TOP/ASYNC_FIFO_dut/FIFO_MEMORY_dut/FIFO_MEM_reg[11][7]
  Impl DFF        Imp:/WORK/SYS_TOP/ASYNC_FIFO_dut/FIFO_MEMORY_dut/FIFO_MEM_reg[11][7]

  Ref  DFF        Ref:/WORK/SYS_TOP/ASYNC_FIFO_dut/FIFO_MEMORY_dut/FIFO_MEM_reg[12][0]
  Impl DFF        Imp:/WORK/SYS_TOP/ASYNC_FIFO_dut/FIFO_MEMORY_dut/FIFO_MEM_reg[12][0]

  Ref  DFF        Ref:/WORK/SYS_TOP/ASYNC_FIFO_dut/FIFO_MEMORY_dut/FIFO_MEM_reg[12][1]
  Impl DFF        Imp:/WORK/SYS_TOP/ASYNC_FIFO_dut/FIFO_MEMORY_dut/FIFO_MEM_reg[12][1]

  Ref  DFF        Ref:/WORK/SYS_TOP/ASYNC_FIFO_dut/FIFO_MEMORY_dut/FIFO_MEM_reg[12][2]
  Impl DFF        Imp:/WORK/SYS_TOP/ASYNC_FIFO_dut/FIFO_MEMORY_dut/FIFO_MEM_reg[12][2]

  Ref  DFF        Ref:/WORK/SYS_TOP/ASYNC_FIFO_dut/FIFO_MEMORY_dut/FIFO_MEM_reg[12][3]
  Impl DFF        Imp:/WORK/SYS_TOP/ASYNC_FIFO_dut/FIFO_MEMORY_dut/FIFO_MEM_reg[12][3]

  Ref  DFF        Ref:/WORK/SYS_TOP/ASYNC_FIFO_dut/FIFO_MEMORY_dut/FIFO_MEM_reg[12][4]
  Impl DFF        Imp:/WORK/SYS_TOP/ASYNC_FIFO_dut/FIFO_MEMORY_dut/FIFO_MEM_reg[12][4]

  Ref  DFF        Ref:/WORK/SYS_TOP/ASYNC_FIFO_dut/FIFO_MEMORY_dut/FIFO_MEM_reg[12][5]
  Impl DFF        Imp:/WORK/SYS_TOP/ASYNC_FIFO_dut/FIFO_MEMORY_dut/FIFO_MEM_reg[12][5]

  Ref  DFF        Ref:/WORK/SYS_TOP/ASYNC_FIFO_dut/FIFO_MEMORY_dut/FIFO_MEM_reg[12][6]
  Impl DFF        Imp:/WORK/SYS_TOP/ASYNC_FIFO_dut/FIFO_MEMORY_dut/FIFO_MEM_reg[12][6]

  Ref  DFF        Ref:/WORK/SYS_TOP/ASYNC_FIFO_dut/FIFO_MEMORY_dut/FIFO_MEM_reg[12][7]
  Impl DFF        Imp:/WORK/SYS_TOP/ASYNC_FIFO_dut/FIFO_MEMORY_dut/FIFO_MEM_reg[12][7]

  Ref  DFF        Ref:/WORK/SYS_TOP/ASYNC_FIFO_dut/FIFO_MEMORY_dut/FIFO_MEM_reg[13][0]
  Impl DFF        Imp:/WORK/SYS_TOP/ASYNC_FIFO_dut/FIFO_MEMORY_dut/FIFO_MEM_reg[13][0]

  Ref  DFF        Ref:/WORK/SYS_TOP/ASYNC_FIFO_dut/FIFO_MEMORY_dut/FIFO_MEM_reg[13][1]
  Impl DFF        Imp:/WORK/SYS_TOP/ASYNC_FIFO_dut/FIFO_MEMORY_dut/FIFO_MEM_reg[13][1]

  Ref  DFF        Ref:/WORK/SYS_TOP/ASYNC_FIFO_dut/FIFO_MEMORY_dut/FIFO_MEM_reg[13][2]
  Impl DFF        Imp:/WORK/SYS_TOP/ASYNC_FIFO_dut/FIFO_MEMORY_dut/FIFO_MEM_reg[13][2]

  Ref  DFF        Ref:/WORK/SYS_TOP/ASYNC_FIFO_dut/FIFO_MEMORY_dut/FIFO_MEM_reg[13][3]
  Impl DFF        Imp:/WORK/SYS_TOP/ASYNC_FIFO_dut/FIFO_MEMORY_dut/FIFO_MEM_reg[13][3]

  Ref  DFF        Ref:/WORK/SYS_TOP/ASYNC_FIFO_dut/FIFO_MEMORY_dut/FIFO_MEM_reg[13][4]
  Impl DFF        Imp:/WORK/SYS_TOP/ASYNC_FIFO_dut/FIFO_MEMORY_dut/FIFO_MEM_reg[13][4]

  Ref  DFF        Ref:/WORK/SYS_TOP/ASYNC_FIFO_dut/FIFO_MEMORY_dut/FIFO_MEM_reg[13][5]
  Impl DFF        Imp:/WORK/SYS_TOP/ASYNC_FIFO_dut/FIFO_MEMORY_dut/FIFO_MEM_reg[13][5]

  Ref  DFF        Ref:/WORK/SYS_TOP/ASYNC_FIFO_dut/FIFO_MEMORY_dut/FIFO_MEM_reg[13][6]
  Impl DFF        Imp:/WORK/SYS_TOP/ASYNC_FIFO_dut/FIFO_MEMORY_dut/FIFO_MEM_reg[13][6]

  Ref  DFF        Ref:/WORK/SYS_TOP/ASYNC_FIFO_dut/FIFO_MEMORY_dut/FIFO_MEM_reg[13][7]
  Impl DFF        Imp:/WORK/SYS_TOP/ASYNC_FIFO_dut/FIFO_MEMORY_dut/FIFO_MEM_reg[13][7]

  Ref  DFF        Ref:/WORK/SYS_TOP/ASYNC_FIFO_dut/FIFO_MEMORY_dut/FIFO_MEM_reg[14][0]
  Impl DFF        Imp:/WORK/SYS_TOP/ASYNC_FIFO_dut/FIFO_MEMORY_dut/FIFO_MEM_reg[14][0]

  Ref  DFF        Ref:/WORK/SYS_TOP/ASYNC_FIFO_dut/FIFO_MEMORY_dut/FIFO_MEM_reg[14][1]
  Impl DFF        Imp:/WORK/SYS_TOP/ASYNC_FIFO_dut/FIFO_MEMORY_dut/FIFO_MEM_reg[14][1]

  Ref  DFF        Ref:/WORK/SYS_TOP/ASYNC_FIFO_dut/FIFO_MEMORY_dut/FIFO_MEM_reg[14][2]
  Impl DFF        Imp:/WORK/SYS_TOP/ASYNC_FIFO_dut/FIFO_MEMORY_dut/FIFO_MEM_reg[14][2]

  Ref  DFF        Ref:/WORK/SYS_TOP/ASYNC_FIFO_dut/FIFO_MEMORY_dut/FIFO_MEM_reg[14][3]
  Impl DFF        Imp:/WORK/SYS_TOP/ASYNC_FIFO_dut/FIFO_MEMORY_dut/FIFO_MEM_reg[14][3]

  Ref  DFF        Ref:/WORK/SYS_TOP/ASYNC_FIFO_dut/FIFO_MEMORY_dut/FIFO_MEM_reg[14][4]
  Impl DFF        Imp:/WORK/SYS_TOP/ASYNC_FIFO_dut/FIFO_MEMORY_dut/FIFO_MEM_reg[14][4]

  Ref  DFF        Ref:/WORK/SYS_TOP/ASYNC_FIFO_dut/FIFO_MEMORY_dut/FIFO_MEM_reg[14][5]
  Impl DFF        Imp:/WORK/SYS_TOP/ASYNC_FIFO_dut/FIFO_MEMORY_dut/FIFO_MEM_reg[14][5]

  Ref  DFF        Ref:/WORK/SYS_TOP/ASYNC_FIFO_dut/FIFO_MEMORY_dut/FIFO_MEM_reg[14][6]
  Impl DFF        Imp:/WORK/SYS_TOP/ASYNC_FIFO_dut/FIFO_MEMORY_dut/FIFO_MEM_reg[14][6]

  Ref  DFF        Ref:/WORK/SYS_TOP/ASYNC_FIFO_dut/FIFO_MEMORY_dut/FIFO_MEM_reg[14][7]
  Impl DFF        Imp:/WORK/SYS_TOP/ASYNC_FIFO_dut/FIFO_MEMORY_dut/FIFO_MEM_reg[14][7]

  Ref  DFF        Ref:/WORK/SYS_TOP/ASYNC_FIFO_dut/FIFO_MEMORY_dut/FIFO_MEM_reg[15][0]
  Impl DFF        Imp:/WORK/SYS_TOP/ASYNC_FIFO_dut/FIFO_MEMORY_dut/FIFO_MEM_reg[15][0]

  Ref  DFF        Ref:/WORK/SYS_TOP/ASYNC_FIFO_dut/FIFO_MEMORY_dut/FIFO_MEM_reg[15][1]
  Impl DFF        Imp:/WORK/SYS_TOP/ASYNC_FIFO_dut/FIFO_MEMORY_dut/FIFO_MEM_reg[15][1]

  Ref  DFF        Ref:/WORK/SYS_TOP/ASYNC_FIFO_dut/FIFO_MEMORY_dut/FIFO_MEM_reg[15][2]
  Impl DFF        Imp:/WORK/SYS_TOP/ASYNC_FIFO_dut/FIFO_MEMORY_dut/FIFO_MEM_reg[15][2]

  Ref  DFF        Ref:/WORK/SYS_TOP/ASYNC_FIFO_dut/FIFO_MEMORY_dut/FIFO_MEM_reg[15][3]
  Impl DFF        Imp:/WORK/SYS_TOP/ASYNC_FIFO_dut/FIFO_MEMORY_dut/FIFO_MEM_reg[15][3]

  Ref  DFF        Ref:/WORK/SYS_TOP/ASYNC_FIFO_dut/FIFO_MEMORY_dut/FIFO_MEM_reg[15][4]
  Impl DFF        Imp:/WORK/SYS_TOP/ASYNC_FIFO_dut/FIFO_MEMORY_dut/FIFO_MEM_reg[15][4]

  Ref  DFF        Ref:/WORK/SYS_TOP/ASYNC_FIFO_dut/FIFO_MEMORY_dut/FIFO_MEM_reg[15][5]
  Impl DFF        Imp:/WORK/SYS_TOP/ASYNC_FIFO_dut/FIFO_MEMORY_dut/FIFO_MEM_reg[15][5]

  Ref  DFF        Ref:/WORK/SYS_TOP/ASYNC_FIFO_dut/FIFO_MEMORY_dut/FIFO_MEM_reg[15][6]
  Impl DFF        Imp:/WORK/SYS_TOP/ASYNC_FIFO_dut/FIFO_MEMORY_dut/FIFO_MEM_reg[15][6]

  Ref  DFF        Ref:/WORK/SYS_TOP/ASYNC_FIFO_dut/FIFO_MEMORY_dut/FIFO_MEM_reg[15][7]
  Impl DFF        Imp:/WORK/SYS_TOP/ASYNC_FIFO_dut/FIFO_MEMORY_dut/FIFO_MEM_reg[15][7]

  Ref  DFF        Ref:/WORK/SYS_TOP/ASYNC_FIFO_dut/FIFO_MEMORY_dut/FIFO_MEM_reg[1][0]
  Impl DFF        Imp:/WORK/SYS_TOP/ASYNC_FIFO_dut/FIFO_MEMORY_dut/FIFO_MEM_reg[1][0]

  Ref  DFF        Ref:/WORK/SYS_TOP/ASYNC_FIFO_dut/FIFO_MEMORY_dut/FIFO_MEM_reg[1][1]
  Impl DFF        Imp:/WORK/SYS_TOP/ASYNC_FIFO_dut/FIFO_MEMORY_dut/FIFO_MEM_reg[1][1]

  Ref  DFF        Ref:/WORK/SYS_TOP/ASYNC_FIFO_dut/FIFO_MEMORY_dut/FIFO_MEM_reg[1][2]
  Impl DFF        Imp:/WORK/SYS_TOP/ASYNC_FIFO_dut/FIFO_MEMORY_dut/FIFO_MEM_reg[1][2]

  Ref  DFF        Ref:/WORK/SYS_TOP/ASYNC_FIFO_dut/FIFO_MEMORY_dut/FIFO_MEM_reg[1][3]
  Impl DFF        Imp:/WORK/SYS_TOP/ASYNC_FIFO_dut/FIFO_MEMORY_dut/FIFO_MEM_reg[1][3]

  Ref  DFF        Ref:/WORK/SYS_TOP/ASYNC_FIFO_dut/FIFO_MEMORY_dut/FIFO_MEM_reg[1][4]
  Impl DFF        Imp:/WORK/SYS_TOP/ASYNC_FIFO_dut/FIFO_MEMORY_dut/FIFO_MEM_reg[1][4]

  Ref  DFF        Ref:/WORK/SYS_TOP/ASYNC_FIFO_dut/FIFO_MEMORY_dut/FIFO_MEM_reg[1][5]
  Impl DFF        Imp:/WORK/SYS_TOP/ASYNC_FIFO_dut/FIFO_MEMORY_dut/FIFO_MEM_reg[1][5]

  Ref  DFF        Ref:/WORK/SYS_TOP/ASYNC_FIFO_dut/FIFO_MEMORY_dut/FIFO_MEM_reg[1][6]
  Impl DFF        Imp:/WORK/SYS_TOP/ASYNC_FIFO_dut/FIFO_MEMORY_dut/FIFO_MEM_reg[1][6]

  Ref  DFF        Ref:/WORK/SYS_TOP/ASYNC_FIFO_dut/FIFO_MEMORY_dut/FIFO_MEM_reg[1][7]
  Impl DFF        Imp:/WORK/SYS_TOP/ASYNC_FIFO_dut/FIFO_MEMORY_dut/FIFO_MEM_reg[1][7]

  Ref  DFF        Ref:/WORK/SYS_TOP/ASYNC_FIFO_dut/FIFO_MEMORY_dut/FIFO_MEM_reg[2][0]
  Impl DFF        Imp:/WORK/SYS_TOP/ASYNC_FIFO_dut/FIFO_MEMORY_dut/FIFO_MEM_reg[2][0]

  Ref  DFF        Ref:/WORK/SYS_TOP/ASYNC_FIFO_dut/FIFO_MEMORY_dut/FIFO_MEM_reg[2][1]
  Impl DFF        Imp:/WORK/SYS_TOP/ASYNC_FIFO_dut/FIFO_MEMORY_dut/FIFO_MEM_reg[2][1]

  Ref  DFF        Ref:/WORK/SYS_TOP/ASYNC_FIFO_dut/FIFO_MEMORY_dut/FIFO_MEM_reg[2][2]
  Impl DFF        Imp:/WORK/SYS_TOP/ASYNC_FIFO_dut/FIFO_MEMORY_dut/FIFO_MEM_reg[2][2]

  Ref  DFF        Ref:/WORK/SYS_TOP/ASYNC_FIFO_dut/FIFO_MEMORY_dut/FIFO_MEM_reg[2][3]
  Impl DFF        Imp:/WORK/SYS_TOP/ASYNC_FIFO_dut/FIFO_MEMORY_dut/FIFO_MEM_reg[2][3]

  Ref  DFF        Ref:/WORK/SYS_TOP/ASYNC_FIFO_dut/FIFO_MEMORY_dut/FIFO_MEM_reg[2][4]
  Impl DFF        Imp:/WORK/SYS_TOP/ASYNC_FIFO_dut/FIFO_MEMORY_dut/FIFO_MEM_reg[2][4]

  Ref  DFF        Ref:/WORK/SYS_TOP/ASYNC_FIFO_dut/FIFO_MEMORY_dut/FIFO_MEM_reg[2][5]
  Impl DFF        Imp:/WORK/SYS_TOP/ASYNC_FIFO_dut/FIFO_MEMORY_dut/FIFO_MEM_reg[2][5]

  Ref  DFF        Ref:/WORK/SYS_TOP/ASYNC_FIFO_dut/FIFO_MEMORY_dut/FIFO_MEM_reg[2][6]
  Impl DFF        Imp:/WORK/SYS_TOP/ASYNC_FIFO_dut/FIFO_MEMORY_dut/FIFO_MEM_reg[2][6]

  Ref  DFF        Ref:/WORK/SYS_TOP/ASYNC_FIFO_dut/FIFO_MEMORY_dut/FIFO_MEM_reg[2][7]
  Impl DFF        Imp:/WORK/SYS_TOP/ASYNC_FIFO_dut/FIFO_MEMORY_dut/FIFO_MEM_reg[2][7]

  Ref  DFF        Ref:/WORK/SYS_TOP/ASYNC_FIFO_dut/FIFO_MEMORY_dut/FIFO_MEM_reg[3][0]
  Impl DFF        Imp:/WORK/SYS_TOP/ASYNC_FIFO_dut/FIFO_MEMORY_dut/FIFO_MEM_reg[3][0]

  Ref  DFF        Ref:/WORK/SYS_TOP/ASYNC_FIFO_dut/FIFO_MEMORY_dut/FIFO_MEM_reg[3][1]
  Impl DFF        Imp:/WORK/SYS_TOP/ASYNC_FIFO_dut/FIFO_MEMORY_dut/FIFO_MEM_reg[3][1]

  Ref  DFF        Ref:/WORK/SYS_TOP/ASYNC_FIFO_dut/FIFO_MEMORY_dut/FIFO_MEM_reg[3][2]
  Impl DFF        Imp:/WORK/SYS_TOP/ASYNC_FIFO_dut/FIFO_MEMORY_dut/FIFO_MEM_reg[3][2]

  Ref  DFF        Ref:/WORK/SYS_TOP/ASYNC_FIFO_dut/FIFO_MEMORY_dut/FIFO_MEM_reg[3][3]
  Impl DFF        Imp:/WORK/SYS_TOP/ASYNC_FIFO_dut/FIFO_MEMORY_dut/FIFO_MEM_reg[3][3]

  Ref  DFF        Ref:/WORK/SYS_TOP/ASYNC_FIFO_dut/FIFO_MEMORY_dut/FIFO_MEM_reg[3][4]
  Impl DFF        Imp:/WORK/SYS_TOP/ASYNC_FIFO_dut/FIFO_MEMORY_dut/FIFO_MEM_reg[3][4]

  Ref  DFF        Ref:/WORK/SYS_TOP/ASYNC_FIFO_dut/FIFO_MEMORY_dut/FIFO_MEM_reg[3][5]
  Impl DFF        Imp:/WORK/SYS_TOP/ASYNC_FIFO_dut/FIFO_MEMORY_dut/FIFO_MEM_reg[3][5]

  Ref  DFF        Ref:/WORK/SYS_TOP/ASYNC_FIFO_dut/FIFO_MEMORY_dut/FIFO_MEM_reg[3][6]
  Impl DFF        Imp:/WORK/SYS_TOP/ASYNC_FIFO_dut/FIFO_MEMORY_dut/FIFO_MEM_reg[3][6]

  Ref  DFF        Ref:/WORK/SYS_TOP/ASYNC_FIFO_dut/FIFO_MEMORY_dut/FIFO_MEM_reg[3][7]
  Impl DFF        Imp:/WORK/SYS_TOP/ASYNC_FIFO_dut/FIFO_MEMORY_dut/FIFO_MEM_reg[3][7]

  Ref  DFF        Ref:/WORK/SYS_TOP/ASYNC_FIFO_dut/FIFO_MEMORY_dut/FIFO_MEM_reg[4][0]
  Impl DFF        Imp:/WORK/SYS_TOP/ASYNC_FIFO_dut/FIFO_MEMORY_dut/FIFO_MEM_reg[4][0]

  Ref  DFF        Ref:/WORK/SYS_TOP/ASYNC_FIFO_dut/FIFO_MEMORY_dut/FIFO_MEM_reg[4][1]
  Impl DFF        Imp:/WORK/SYS_TOP/ASYNC_FIFO_dut/FIFO_MEMORY_dut/FIFO_MEM_reg[4][1]

  Ref  DFF        Ref:/WORK/SYS_TOP/ASYNC_FIFO_dut/FIFO_MEMORY_dut/FIFO_MEM_reg[4][2]
  Impl DFF        Imp:/WORK/SYS_TOP/ASYNC_FIFO_dut/FIFO_MEMORY_dut/FIFO_MEM_reg[4][2]

  Ref  DFF        Ref:/WORK/SYS_TOP/ASYNC_FIFO_dut/FIFO_MEMORY_dut/FIFO_MEM_reg[4][3]
  Impl DFF        Imp:/WORK/SYS_TOP/ASYNC_FIFO_dut/FIFO_MEMORY_dut/FIFO_MEM_reg[4][3]

  Ref  DFF        Ref:/WORK/SYS_TOP/ASYNC_FIFO_dut/FIFO_MEMORY_dut/FIFO_MEM_reg[4][4]
  Impl DFF        Imp:/WORK/SYS_TOP/ASYNC_FIFO_dut/FIFO_MEMORY_dut/FIFO_MEM_reg[4][4]

  Ref  DFF        Ref:/WORK/SYS_TOP/ASYNC_FIFO_dut/FIFO_MEMORY_dut/FIFO_MEM_reg[4][5]
  Impl DFF        Imp:/WORK/SYS_TOP/ASYNC_FIFO_dut/FIFO_MEMORY_dut/FIFO_MEM_reg[4][5]

  Ref  DFF        Ref:/WORK/SYS_TOP/ASYNC_FIFO_dut/FIFO_MEMORY_dut/FIFO_MEM_reg[4][6]
  Impl DFF        Imp:/WORK/SYS_TOP/ASYNC_FIFO_dut/FIFO_MEMORY_dut/FIFO_MEM_reg[4][6]

  Ref  DFF        Ref:/WORK/SYS_TOP/ASYNC_FIFO_dut/FIFO_MEMORY_dut/FIFO_MEM_reg[4][7]
  Impl DFF        Imp:/WORK/SYS_TOP/ASYNC_FIFO_dut/FIFO_MEMORY_dut/FIFO_MEM_reg[4][7]

  Ref  DFF        Ref:/WORK/SYS_TOP/ASYNC_FIFO_dut/FIFO_MEMORY_dut/FIFO_MEM_reg[5][0]
  Impl DFF        Imp:/WORK/SYS_TOP/ASYNC_FIFO_dut/FIFO_MEMORY_dut/FIFO_MEM_reg[5][0]

  Ref  DFF        Ref:/WORK/SYS_TOP/ASYNC_FIFO_dut/FIFO_MEMORY_dut/FIFO_MEM_reg[5][1]
  Impl DFF        Imp:/WORK/SYS_TOP/ASYNC_FIFO_dut/FIFO_MEMORY_dut/FIFO_MEM_reg[5][1]

  Ref  DFF        Ref:/WORK/SYS_TOP/ASYNC_FIFO_dut/FIFO_MEMORY_dut/FIFO_MEM_reg[5][2]
  Impl DFF        Imp:/WORK/SYS_TOP/ASYNC_FIFO_dut/FIFO_MEMORY_dut/FIFO_MEM_reg[5][2]

  Ref  DFF        Ref:/WORK/SYS_TOP/ASYNC_FIFO_dut/FIFO_MEMORY_dut/FIFO_MEM_reg[5][3]
  Impl DFF        Imp:/WORK/SYS_TOP/ASYNC_FIFO_dut/FIFO_MEMORY_dut/FIFO_MEM_reg[5][3]

  Ref  DFF        Ref:/WORK/SYS_TOP/ASYNC_FIFO_dut/FIFO_MEMORY_dut/FIFO_MEM_reg[5][4]
  Impl DFF        Imp:/WORK/SYS_TOP/ASYNC_FIFO_dut/FIFO_MEMORY_dut/FIFO_MEM_reg[5][4]

  Ref  DFF        Ref:/WORK/SYS_TOP/ASYNC_FIFO_dut/FIFO_MEMORY_dut/FIFO_MEM_reg[5][5]
  Impl DFF        Imp:/WORK/SYS_TOP/ASYNC_FIFO_dut/FIFO_MEMORY_dut/FIFO_MEM_reg[5][5]

  Ref  DFF        Ref:/WORK/SYS_TOP/ASYNC_FIFO_dut/FIFO_MEMORY_dut/FIFO_MEM_reg[5][6]
  Impl DFF        Imp:/WORK/SYS_TOP/ASYNC_FIFO_dut/FIFO_MEMORY_dut/FIFO_MEM_reg[5][6]

  Ref  DFF        Ref:/WORK/SYS_TOP/ASYNC_FIFO_dut/FIFO_MEMORY_dut/FIFO_MEM_reg[5][7]
  Impl DFF        Imp:/WORK/SYS_TOP/ASYNC_FIFO_dut/FIFO_MEMORY_dut/FIFO_MEM_reg[5][7]

  Ref  DFF        Ref:/WORK/SYS_TOP/ASYNC_FIFO_dut/FIFO_MEMORY_dut/FIFO_MEM_reg[6][0]
  Impl DFF        Imp:/WORK/SYS_TOP/ASYNC_FIFO_dut/FIFO_MEMORY_dut/FIFO_MEM_reg[6][0]

  Ref  DFF        Ref:/WORK/SYS_TOP/ASYNC_FIFO_dut/FIFO_MEMORY_dut/FIFO_MEM_reg[6][1]
  Impl DFF        Imp:/WORK/SYS_TOP/ASYNC_FIFO_dut/FIFO_MEMORY_dut/FIFO_MEM_reg[6][1]

  Ref  DFF        Ref:/WORK/SYS_TOP/ASYNC_FIFO_dut/FIFO_MEMORY_dut/FIFO_MEM_reg[6][2]
  Impl DFF        Imp:/WORK/SYS_TOP/ASYNC_FIFO_dut/FIFO_MEMORY_dut/FIFO_MEM_reg[6][2]

  Ref  DFF        Ref:/WORK/SYS_TOP/ASYNC_FIFO_dut/FIFO_MEMORY_dut/FIFO_MEM_reg[6][3]
  Impl DFF        Imp:/WORK/SYS_TOP/ASYNC_FIFO_dut/FIFO_MEMORY_dut/FIFO_MEM_reg[6][3]

  Ref  DFF        Ref:/WORK/SYS_TOP/ASYNC_FIFO_dut/FIFO_MEMORY_dut/FIFO_MEM_reg[6][4]
  Impl DFF        Imp:/WORK/SYS_TOP/ASYNC_FIFO_dut/FIFO_MEMORY_dut/FIFO_MEM_reg[6][4]

  Ref  DFF        Ref:/WORK/SYS_TOP/ASYNC_FIFO_dut/FIFO_MEMORY_dut/FIFO_MEM_reg[6][5]
  Impl DFF        Imp:/WORK/SYS_TOP/ASYNC_FIFO_dut/FIFO_MEMORY_dut/FIFO_MEM_reg[6][5]

  Ref  DFF        Ref:/WORK/SYS_TOP/ASYNC_FIFO_dut/FIFO_MEMORY_dut/FIFO_MEM_reg[6][6]
  Impl DFF        Imp:/WORK/SYS_TOP/ASYNC_FIFO_dut/FIFO_MEMORY_dut/FIFO_MEM_reg[6][6]

  Ref  DFF        Ref:/WORK/SYS_TOP/ASYNC_FIFO_dut/FIFO_MEMORY_dut/FIFO_MEM_reg[6][7]
  Impl DFF        Imp:/WORK/SYS_TOP/ASYNC_FIFO_dut/FIFO_MEMORY_dut/FIFO_MEM_reg[6][7]

  Ref  DFF        Ref:/WORK/SYS_TOP/ASYNC_FIFO_dut/FIFO_MEMORY_dut/FIFO_MEM_reg[7][0]
  Impl DFF        Imp:/WORK/SYS_TOP/ASYNC_FIFO_dut/FIFO_MEMORY_dut/FIFO_MEM_reg[7][0]

  Ref  DFF        Ref:/WORK/SYS_TOP/ASYNC_FIFO_dut/FIFO_MEMORY_dut/FIFO_MEM_reg[7][1]
  Impl DFF        Imp:/WORK/SYS_TOP/ASYNC_FIFO_dut/FIFO_MEMORY_dut/FIFO_MEM_reg[7][1]

  Ref  DFF        Ref:/WORK/SYS_TOP/ASYNC_FIFO_dut/FIFO_MEMORY_dut/FIFO_MEM_reg[7][2]
  Impl DFF        Imp:/WORK/SYS_TOP/ASYNC_FIFO_dut/FIFO_MEMORY_dut/FIFO_MEM_reg[7][2]

  Ref  DFF        Ref:/WORK/SYS_TOP/ASYNC_FIFO_dut/FIFO_MEMORY_dut/FIFO_MEM_reg[7][3]
  Impl DFF        Imp:/WORK/SYS_TOP/ASYNC_FIFO_dut/FIFO_MEMORY_dut/FIFO_MEM_reg[7][3]

  Ref  DFF        Ref:/WORK/SYS_TOP/ASYNC_FIFO_dut/FIFO_MEMORY_dut/FIFO_MEM_reg[7][4]
  Impl DFF        Imp:/WORK/SYS_TOP/ASYNC_FIFO_dut/FIFO_MEMORY_dut/FIFO_MEM_reg[7][4]

  Ref  DFF        Ref:/WORK/SYS_TOP/ASYNC_FIFO_dut/FIFO_MEMORY_dut/FIFO_MEM_reg[7][5]
  Impl DFF        Imp:/WORK/SYS_TOP/ASYNC_FIFO_dut/FIFO_MEMORY_dut/FIFO_MEM_reg[7][5]

  Ref  DFF        Ref:/WORK/SYS_TOP/ASYNC_FIFO_dut/FIFO_MEMORY_dut/FIFO_MEM_reg[7][6]
  Impl DFF        Imp:/WORK/SYS_TOP/ASYNC_FIFO_dut/FIFO_MEMORY_dut/FIFO_MEM_reg[7][6]

  Ref  DFF        Ref:/WORK/SYS_TOP/ASYNC_FIFO_dut/FIFO_MEMORY_dut/FIFO_MEM_reg[7][7]
  Impl DFF        Imp:/WORK/SYS_TOP/ASYNC_FIFO_dut/FIFO_MEMORY_dut/FIFO_MEM_reg[7][7]

  Ref  DFF        Ref:/WORK/SYS_TOP/ASYNC_FIFO_dut/FIFO_MEMORY_dut/FIFO_MEM_reg[8][0]
  Impl DFF        Imp:/WORK/SYS_TOP/ASYNC_FIFO_dut/FIFO_MEMORY_dut/FIFO_MEM_reg[8][0]

  Ref  DFF        Ref:/WORK/SYS_TOP/ASYNC_FIFO_dut/FIFO_MEMORY_dut/FIFO_MEM_reg[8][1]
  Impl DFF        Imp:/WORK/SYS_TOP/ASYNC_FIFO_dut/FIFO_MEMORY_dut/FIFO_MEM_reg[8][1]

  Ref  DFF        Ref:/WORK/SYS_TOP/ASYNC_FIFO_dut/FIFO_MEMORY_dut/FIFO_MEM_reg[8][2]
  Impl DFF        Imp:/WORK/SYS_TOP/ASYNC_FIFO_dut/FIFO_MEMORY_dut/FIFO_MEM_reg[8][2]

  Ref  DFF        Ref:/WORK/SYS_TOP/ASYNC_FIFO_dut/FIFO_MEMORY_dut/FIFO_MEM_reg[8][3]
  Impl DFF        Imp:/WORK/SYS_TOP/ASYNC_FIFO_dut/FIFO_MEMORY_dut/FIFO_MEM_reg[8][3]

  Ref  DFF        Ref:/WORK/SYS_TOP/ASYNC_FIFO_dut/FIFO_MEMORY_dut/FIFO_MEM_reg[8][4]
  Impl DFF        Imp:/WORK/SYS_TOP/ASYNC_FIFO_dut/FIFO_MEMORY_dut/FIFO_MEM_reg[8][4]

  Ref  DFF        Ref:/WORK/SYS_TOP/ASYNC_FIFO_dut/FIFO_MEMORY_dut/FIFO_MEM_reg[8][5]
  Impl DFF        Imp:/WORK/SYS_TOP/ASYNC_FIFO_dut/FIFO_MEMORY_dut/FIFO_MEM_reg[8][5]

  Ref  DFF        Ref:/WORK/SYS_TOP/ASYNC_FIFO_dut/FIFO_MEMORY_dut/FIFO_MEM_reg[8][6]
  Impl DFF        Imp:/WORK/SYS_TOP/ASYNC_FIFO_dut/FIFO_MEMORY_dut/FIFO_MEM_reg[8][6]

  Ref  DFF        Ref:/WORK/SYS_TOP/ASYNC_FIFO_dut/FIFO_MEMORY_dut/FIFO_MEM_reg[8][7]
  Impl DFF        Imp:/WORK/SYS_TOP/ASYNC_FIFO_dut/FIFO_MEMORY_dut/FIFO_MEM_reg[8][7]

  Ref  DFF        Ref:/WORK/SYS_TOP/ASYNC_FIFO_dut/FIFO_MEMORY_dut/FIFO_MEM_reg[9][0]
  Impl DFF        Imp:/WORK/SYS_TOP/ASYNC_FIFO_dut/FIFO_MEMORY_dut/FIFO_MEM_reg[9][0]

  Ref  DFF        Ref:/WORK/SYS_TOP/ASYNC_FIFO_dut/FIFO_MEMORY_dut/FIFO_MEM_reg[9][1]
  Impl DFF        Imp:/WORK/SYS_TOP/ASYNC_FIFO_dut/FIFO_MEMORY_dut/FIFO_MEM_reg[9][1]

  Ref  DFF        Ref:/WORK/SYS_TOP/ASYNC_FIFO_dut/FIFO_MEMORY_dut/FIFO_MEM_reg[9][2]
  Impl DFF        Imp:/WORK/SYS_TOP/ASYNC_FIFO_dut/FIFO_MEMORY_dut/FIFO_MEM_reg[9][2]

  Ref  DFF        Ref:/WORK/SYS_TOP/ASYNC_FIFO_dut/FIFO_MEMORY_dut/FIFO_MEM_reg[9][3]
  Impl DFF        Imp:/WORK/SYS_TOP/ASYNC_FIFO_dut/FIFO_MEMORY_dut/FIFO_MEM_reg[9][3]

  Ref  DFF        Ref:/WORK/SYS_TOP/ASYNC_FIFO_dut/FIFO_MEMORY_dut/FIFO_MEM_reg[9][4]
  Impl DFF        Imp:/WORK/SYS_TOP/ASYNC_FIFO_dut/FIFO_MEMORY_dut/FIFO_MEM_reg[9][4]

  Ref  DFF        Ref:/WORK/SYS_TOP/ASYNC_FIFO_dut/FIFO_MEMORY_dut/FIFO_MEM_reg[9][5]
  Impl DFF        Imp:/WORK/SYS_TOP/ASYNC_FIFO_dut/FIFO_MEMORY_dut/FIFO_MEM_reg[9][5]

  Ref  DFF        Ref:/WORK/SYS_TOP/ASYNC_FIFO_dut/FIFO_MEMORY_dut/FIFO_MEM_reg[9][6]
  Impl DFF        Imp:/WORK/SYS_TOP/ASYNC_FIFO_dut/FIFO_MEMORY_dut/FIFO_MEM_reg[9][6]

  Ref  DFF        Ref:/WORK/SYS_TOP/ASYNC_FIFO_dut/FIFO_MEMORY_dut/FIFO_MEM_reg[9][7]
  Impl DFF        Imp:/WORK/SYS_TOP/ASYNC_FIFO_dut/FIFO_MEMORY_dut/FIFO_MEM_reg[9][7]

  Ref  DFF        Ref:/WORK/SYS_TOP/ASYNC_FIFO_dut/FIFO_MEMORY_dut/out_next_reg[0]
  Impl DFF        Imp:/WORK/SYS_TOP/ASYNC_FIFO_dut/FIFO_MEMORY_dut/out_next_reg[0]

  Ref  DFF        Ref:/WORK/SYS_TOP/ASYNC_FIFO_dut/FIFO_MEMORY_dut/out_next_reg[1]
  Impl DFF        Imp:/WORK/SYS_TOP/ASYNC_FIFO_dut/FIFO_MEMORY_dut/out_next_reg[1]

  Ref  DFF        Ref:/WORK/SYS_TOP/ASYNC_FIFO_dut/FIFO_MEMORY_dut/out_next_reg[2]
  Impl DFF        Imp:/WORK/SYS_TOP/ASYNC_FIFO_dut/FIFO_MEMORY_dut/out_next_reg[2]

  Ref  DFF        Ref:/WORK/SYS_TOP/ASYNC_FIFO_dut/FIFO_MEMORY_dut/out_next_reg[3]
  Impl DFF        Imp:/WORK/SYS_TOP/ASYNC_FIFO_dut/FIFO_MEMORY_dut/out_next_reg[3]

  Ref  DFF        Ref:/WORK/SYS_TOP/ASYNC_FIFO_dut/FIFO_MEMORY_dut/out_next_reg[4]
  Impl DFF        Imp:/WORK/SYS_TOP/ASYNC_FIFO_dut/FIFO_MEMORY_dut/out_next_reg[4]

  Ref  DFF        Ref:/WORK/SYS_TOP/ASYNC_FIFO_dut/FIFO_MEMORY_dut/out_next_reg[5]
  Impl DFF        Imp:/WORK/SYS_TOP/ASYNC_FIFO_dut/FIFO_MEMORY_dut/out_next_reg[5]

  Ref  DFF        Ref:/WORK/SYS_TOP/ASYNC_FIFO_dut/FIFO_MEMORY_dut/out_next_reg[6]
  Impl DFF        Imp:/WORK/SYS_TOP/ASYNC_FIFO_dut/FIFO_MEMORY_dut/out_next_reg[6]

  Ref  DFF        Ref:/WORK/SYS_TOP/ASYNC_FIFO_dut/FIFO_MEMORY_dut/out_next_reg[7]
  Impl DFF        Imp:/WORK/SYS_TOP/ASYNC_FIFO_dut/FIFO_MEMORY_dut/out_next_reg[7]

  Ref  DFF        Ref:/WORK/SYS_TOP/ASYNC_FIFO_dut/FIFO_MEMORY_dut/read_next_reg[0]
  Impl DFF        Imp:/WORK/SYS_TOP/ASYNC_FIFO_dut/FIFO_MEMORY_dut/read_next_reg[0]

  Ref  DFF        Ref:/WORK/SYS_TOP/ASYNC_FIFO_dut/FIFO_MEMORY_dut/read_next_reg[1]
  Impl DFF        Imp:/WORK/SYS_TOP/ASYNC_FIFO_dut/FIFO_MEMORY_dut/read_next_reg[1]

  Ref  DFF        Ref:/WORK/SYS_TOP/ASYNC_FIFO_dut/FIFO_MEMORY_dut/read_next_reg[2]
  Impl DFF        Imp:/WORK/SYS_TOP/ASYNC_FIFO_dut/FIFO_MEMORY_dut/read_next_reg[2]

  Ref  DFF        Ref:/WORK/SYS_TOP/ASYNC_FIFO_dut/FIFO_MEMORY_dut/read_next_reg[3]
  Impl DFF        Imp:/WORK/SYS_TOP/ASYNC_FIFO_dut/FIFO_MEMORY_dut/read_next_reg[3]

  Ref  DFF        Ref:/WORK/SYS_TOP/ASYNC_FIFO_dut/FIFO_MEMORY_dut/read_next_reg[4]
  Impl DFF        Imp:/WORK/SYS_TOP/ASYNC_FIFO_dut/FIFO_MEMORY_dut/read_next_reg[4]

  Ref  DFF        Ref:/WORK/SYS_TOP/ASYNC_FIFO_dut/FIFO_MEMORY_dut/read_next_reg[5]
  Impl DFF        Imp:/WORK/SYS_TOP/ASYNC_FIFO_dut/FIFO_MEMORY_dut/read_next_reg[5]

  Ref  DFF        Ref:/WORK/SYS_TOP/ASYNC_FIFO_dut/FIFO_MEMORY_dut/read_next_reg[6]
  Impl DFF        Imp:/WORK/SYS_TOP/ASYNC_FIFO_dut/FIFO_MEMORY_dut/read_next_reg[6]

  Ref  DFF        Ref:/WORK/SYS_TOP/ASYNC_FIFO_dut/FIFO_MEMORY_dut/read_next_reg[7]
  Impl DFF        Imp:/WORK/SYS_TOP/ASYNC_FIFO_dut/FIFO_MEMORY_dut/read_next_reg[7]

  Ref  DFF        Ref:/WORK/SYS_TOP/ASYNC_FIFO_dut/fifo_rdptr_empty_dut/Rptr_reg[0]
  Impl DFF        Imp:/WORK/SYS_TOP/ASYNC_FIFO_dut/fifo_rdptr_empty_dut/Rptr_reg[0]

  Ref  DFF        Ref:/WORK/SYS_TOP/ASYNC_FIFO_dut/fifo_rdptr_empty_dut/Rptr_reg[1]
  Impl DFF        Imp:/WORK/SYS_TOP/ASYNC_FIFO_dut/fifo_rdptr_empty_dut/Rptr_reg[1]

  Ref  DFF        Ref:/WORK/SYS_TOP/ASYNC_FIFO_dut/fifo_rdptr_empty_dut/Rptr_reg[2]
  Impl DFF        Imp:/WORK/SYS_TOP/ASYNC_FIFO_dut/fifo_rdptr_empty_dut/Rptr_reg[2]

  Ref  DFF        Ref:/WORK/SYS_TOP/ASYNC_FIFO_dut/fifo_rdptr_empty_dut/Rptr_reg[3]
  Impl DFF        Imp:/WORK/SYS_TOP/ASYNC_FIFO_dut/fifo_rdptr_empty_dut/Rptr_reg[3]

  Ref  DFF        Ref:/WORK/SYS_TOP/ASYNC_FIFO_dut/fifo_rdptr_empty_dut/Rptr_reg[4]
  Impl DFF        Imp:/WORK/SYS_TOP/ASYNC_FIFO_dut/fifo_rdptr_empty_dut/Rptr_reg[4]

  Ref  DFF        Ref:/WORK/SYS_TOP/ASYNC_FIFO_dut/fifo_rdptr_empty_dut/gray_Rptr_reg[0]
  Impl DFF        Imp:/WORK/SYS_TOP/ASYNC_FIFO_dut/fifo_rdptr_empty_dut/gray_Rptr_reg[0]

  Ref  DFF        Ref:/WORK/SYS_TOP/ASYNC_FIFO_dut/fifo_rdptr_empty_dut/gray_Rptr_reg[1]
  Impl DFF        Imp:/WORK/SYS_TOP/ASYNC_FIFO_dut/fifo_rdptr_empty_dut/gray_Rptr_reg[1]

  Ref  DFF        Ref:/WORK/SYS_TOP/ASYNC_FIFO_dut/fifo_rdptr_empty_dut/gray_Rptr_reg[2]
  Impl DFF        Imp:/WORK/SYS_TOP/ASYNC_FIFO_dut/fifo_rdptr_empty_dut/gray_Rptr_reg[2]

  Ref  DFF        Ref:/WORK/SYS_TOP/ASYNC_FIFO_dut/fifo_rdptr_empty_dut/gray_Rptr_reg[3]
  Impl DFF        Imp:/WORK/SYS_TOP/ASYNC_FIFO_dut/fifo_rdptr_empty_dut/gray_Rptr_reg[3]

  Ref  DFF        Ref:/WORK/SYS_TOP/ASYNC_FIFO_dut/fifo_wrptr_full_dut/Wptr_reg[0]
  Impl DFF        Imp:/WORK/SYS_TOP/ASYNC_FIFO_dut/fifo_wrptr_full_dut/Wptr_reg[0]

  Ref  DFF        Ref:/WORK/SYS_TOP/ASYNC_FIFO_dut/fifo_wrptr_full_dut/Wptr_reg[1]
  Impl DFF        Imp:/WORK/SYS_TOP/ASYNC_FIFO_dut/fifo_wrptr_full_dut/Wptr_reg[1]

  Ref  DFF        Ref:/WORK/SYS_TOP/ASYNC_FIFO_dut/fifo_wrptr_full_dut/Wptr_reg[2]
  Impl DFF        Imp:/WORK/SYS_TOP/ASYNC_FIFO_dut/fifo_wrptr_full_dut/Wptr_reg[2]

  Ref  DFF        Ref:/WORK/SYS_TOP/ASYNC_FIFO_dut/fifo_wrptr_full_dut/Wptr_reg[3]
  Impl DFF        Imp:/WORK/SYS_TOP/ASYNC_FIFO_dut/fifo_wrptr_full_dut/Wptr_reg[3]

  Ref  DFF        Ref:/WORK/SYS_TOP/ASYNC_FIFO_dut/fifo_wrptr_full_dut/Wptr_reg[4]
  Impl DFF        Imp:/WORK/SYS_TOP/ASYNC_FIFO_dut/fifo_wrptr_full_dut/Wptr_reg[4]

  Ref  DFF        Ref:/WORK/SYS_TOP/ASYNC_FIFO_dut/fifo_wrptr_full_dut/gray_Wptr_reg[0]
  Impl DFF        Imp:/WORK/SYS_TOP/ASYNC_FIFO_dut/fifo_wrptr_full_dut/gray_Wptr_reg[0]

  Ref  DFF        Ref:/WORK/SYS_TOP/ASYNC_FIFO_dut/fifo_wrptr_full_dut/gray_Wptr_reg[1]
  Impl DFF        Imp:/WORK/SYS_TOP/ASYNC_FIFO_dut/fifo_wrptr_full_dut/gray_Wptr_reg[1]

  Ref  DFF        Ref:/WORK/SYS_TOP/ASYNC_FIFO_dut/fifo_wrptr_full_dut/gray_Wptr_reg[2]
  Impl DFF        Imp:/WORK/SYS_TOP/ASYNC_FIFO_dut/fifo_wrptr_full_dut/gray_Wptr_reg[2]

  Ref  DFF        Ref:/WORK/SYS_TOP/ASYNC_FIFO_dut/fifo_wrptr_full_dut/gray_Wptr_reg[3]
  Impl DFF        Imp:/WORK/SYS_TOP/ASYNC_FIFO_dut/fifo_wrptr_full_dut/gray_Wptr_reg[3]

  Ref  DFF        Ref:/WORK/SYS_TOP/ASYNC_FIFO_dut/sync_r2w/FF_Stage_reg[0][0]
  Impl DFF        Imp:/WORK/SYS_TOP/ASYNC_FIFO_dut/sync_r2w/FF_Stage_reg[0][0]

  Ref  DFF        Ref:/WORK/SYS_TOP/ASYNC_FIFO_dut/sync_r2w/FF_Stage_reg[0][1]
  Impl DFF        Imp:/WORK/SYS_TOP/ASYNC_FIFO_dut/sync_r2w/FF_Stage_reg[0][1]

  Ref  DFF        Ref:/WORK/SYS_TOP/ASYNC_FIFO_dut/sync_r2w/FF_Stage_reg[0][2]
  Impl DFF        Imp:/WORK/SYS_TOP/ASYNC_FIFO_dut/sync_r2w/FF_Stage_reg[0][2]

  Ref  DFF        Ref:/WORK/SYS_TOP/ASYNC_FIFO_dut/sync_r2w/FF_Stage_reg[0][3]
  Impl DFF        Imp:/WORK/SYS_TOP/ASYNC_FIFO_dut/sync_r2w/FF_Stage_reg[0][3]

  Ref  DFF        Ref:/WORK/SYS_TOP/ASYNC_FIFO_dut/sync_r2w/FF_Stage_reg[1][0]
  Impl DFF        Imp:/WORK/SYS_TOP/ASYNC_FIFO_dut/sync_r2w/FF_Stage_reg[1][0]

  Ref  DFF        Ref:/WORK/SYS_TOP/ASYNC_FIFO_dut/sync_r2w/FF_Stage_reg[1][1]
  Impl DFF        Imp:/WORK/SYS_TOP/ASYNC_FIFO_dut/sync_r2w/FF_Stage_reg[1][1]

  Ref  DFF        Ref:/WORK/SYS_TOP/ASYNC_FIFO_dut/sync_r2w/FF_Stage_reg[1][2]
  Impl DFF        Imp:/WORK/SYS_TOP/ASYNC_FIFO_dut/sync_r2w/FF_Stage_reg[1][2]

  Ref  DFF        Ref:/WORK/SYS_TOP/ASYNC_FIFO_dut/sync_r2w/FF_Stage_reg[1][3]
  Impl DFF        Imp:/WORK/SYS_TOP/ASYNC_FIFO_dut/sync_r2w/FF_Stage_reg[1][3]

  Ref  DFF        Ref:/WORK/SYS_TOP/ASYNC_FIFO_dut/sync_w2r/FF_Stage_reg[0][0]
  Impl DFF        Imp:/WORK/SYS_TOP/ASYNC_FIFO_dut/sync_w2r/FF_Stage_reg[0][0]

  Ref  DFF        Ref:/WORK/SYS_TOP/ASYNC_FIFO_dut/sync_w2r/FF_Stage_reg[0][1]
  Impl DFF        Imp:/WORK/SYS_TOP/ASYNC_FIFO_dut/sync_w2r/FF_Stage_reg[0][1]

  Ref  DFF        Ref:/WORK/SYS_TOP/ASYNC_FIFO_dut/sync_w2r/FF_Stage_reg[0][2]
  Impl DFF        Imp:/WORK/SYS_TOP/ASYNC_FIFO_dut/sync_w2r/FF_Stage_reg[0][2]

  Ref  DFF        Ref:/WORK/SYS_TOP/ASYNC_FIFO_dut/sync_w2r/FF_Stage_reg[0][3]
  Impl DFF        Imp:/WORK/SYS_TOP/ASYNC_FIFO_dut/sync_w2r/FF_Stage_reg[0][3]

  Ref  DFF        Ref:/WORK/SYS_TOP/ASYNC_FIFO_dut/sync_w2r/FF_Stage_reg[1][0]
  Impl DFF        Imp:/WORK/SYS_TOP/ASYNC_FIFO_dut/sync_w2r/FF_Stage_reg[1][0]

  Ref  DFF        Ref:/WORK/SYS_TOP/ASYNC_FIFO_dut/sync_w2r/FF_Stage_reg[1][1]
  Impl DFF        Imp:/WORK/SYS_TOP/ASYNC_FIFO_dut/sync_w2r/FF_Stage_reg[1][1]

  Ref  DFF        Ref:/WORK/SYS_TOP/ASYNC_FIFO_dut/sync_w2r/FF_Stage_reg[1][2]
  Impl DFF        Imp:/WORK/SYS_TOP/ASYNC_FIFO_dut/sync_w2r/FF_Stage_reg[1][2]

  Ref  DFF        Ref:/WORK/SYS_TOP/ASYNC_FIFO_dut/sync_w2r/FF_Stage_reg[1][3]
  Impl DFF        Imp:/WORK/SYS_TOP/ASYNC_FIFO_dut/sync_w2r/FF_Stage_reg[1][3]

  Ref  DFF        Ref:/WORK/SYS_TOP/CLK_DIV_RX_dut/Counter_2_reg[0]
  Impl DFF        Imp:/WORK/SYS_TOP/CLK_DIV_RX_dut/Counter_2_reg[0]

  Ref  DFF        Ref:/WORK/SYS_TOP/CLK_DIV_RX_dut/Counter_2_reg[1]
  Impl DFF        Imp:/WORK/SYS_TOP/CLK_DIV_RX_dut/Counter_2_reg[1]

  Ref  DFF        Ref:/WORK/SYS_TOP/CLK_DIV_RX_dut/Counter_2_reg[2]
  Impl DFF        Imp:/WORK/SYS_TOP/CLK_DIV_RX_dut/Counter_2_reg[2]

  Ref  DFF        Ref:/WORK/SYS_TOP/CLK_DIV_RX_dut/Counter_2_reg[3]
  Impl DFF        Imp:/WORK/SYS_TOP/CLK_DIV_RX_dut/Counter_2_reg[3]

  Ref  DFF        Ref:/WORK/SYS_TOP/CLK_DIV_RX_dut/Counter_2_reg[4]
  Impl DFF        Imp:/WORK/SYS_TOP/CLK_DIV_RX_dut/Counter_2_reg[4]

  Ref  DFF        Ref:/WORK/SYS_TOP/CLK_DIV_RX_dut/Counter_2_reg[5]
  Impl DFF        Imp:/WORK/SYS_TOP/CLK_DIV_RX_dut/Counter_2_reg[5]

  Ref  DFF        Ref:/WORK/SYS_TOP/CLK_DIV_RX_dut/Counter_2_reg[6]
  Impl DFF        Imp:/WORK/SYS_TOP/CLK_DIV_RX_dut/Counter_2_reg[6]

  Ref  DFF        Ref:/WORK/SYS_TOP/CLK_DIV_RX_dut/Counter_2_reg[7]
  Impl DFF        Imp:/WORK/SYS_TOP/CLK_DIV_RX_dut/Counter_2_reg[7]

  Ref  DFF        Ref:/WORK/SYS_TOP/CLK_DIV_RX_dut/Counter_2_reg[8]
  Impl DFF        Imp:/WORK/SYS_TOP/CLK_DIV_RX_dut/Counter_2_reg[8]

  Ref  DFF        Ref:/WORK/SYS_TOP/CLK_DIV_RX_dut/Counter_2_reg[9]
  Impl DFF        Imp:/WORK/SYS_TOP/CLK_DIV_RX_dut/Counter_2_reg[9]

  Ref  DFF        Ref:/WORK/SYS_TOP/CLK_DIV_RX_dut/current_state_reg[0]
  Impl DFF        Imp:/WORK/SYS_TOP/CLK_DIV_RX_dut/current_state_reg[0]

  Ref  DFF        Ref:/WORK/SYS_TOP/CLK_DIV_RX_dut/current_state_reg[1]
  Impl DFF        Imp:/WORK/SYS_TOP/CLK_DIV_RX_dut/current_state_reg[1]

  Ref  DFF        Ref:/WORK/SYS_TOP/CLK_DIV_RX_dut/current_state_reg[2]
  Impl DFF        Imp:/WORK/SYS_TOP/CLK_DIV_RX_dut/current_state_reg[2]

  Ref  DFF        Ref:/WORK/SYS_TOP/CLK_DIV_TX_dut/Counter_1_reg[0]
  Impl DFF        Imp:/WORK/SYS_TOP/CLK_DIV_TX_dut/Counter_1_reg[0]

  Ref  DFF        Ref:/WORK/SYS_TOP/CLK_DIV_TX_dut/Counter_1_reg[1]
  Impl DFF        Imp:/WORK/SYS_TOP/CLK_DIV_TX_dut/Counter_1_reg[1]

  Ref  DFF        Ref:/WORK/SYS_TOP/CLK_DIV_TX_dut/Counter_1_reg[2]
  Impl DFF        Imp:/WORK/SYS_TOP/CLK_DIV_TX_dut/Counter_1_reg[2]

  Ref  DFF        Ref:/WORK/SYS_TOP/CLK_DIV_TX_dut/Counter_1_reg[3]
  Impl DFF        Imp:/WORK/SYS_TOP/CLK_DIV_TX_dut/Counter_1_reg[3]

  Ref  DFF        Ref:/WORK/SYS_TOP/CLK_DIV_TX_dut/Counter_1_reg[4]
  Impl DFF        Imp:/WORK/SYS_TOP/CLK_DIV_TX_dut/Counter_1_reg[4]

  Ref  DFF        Ref:/WORK/SYS_TOP/CLK_DIV_TX_dut/Counter_1_reg[5]
  Impl DFF        Imp:/WORK/SYS_TOP/CLK_DIV_TX_dut/Counter_1_reg[5]

  Ref  DFF        Ref:/WORK/SYS_TOP/CLK_DIV_TX_dut/Counter_1_reg[6]
  Impl DFF        Imp:/WORK/SYS_TOP/CLK_DIV_TX_dut/Counter_1_reg[6]

  Ref  DFF        Ref:/WORK/SYS_TOP/CLK_DIV_TX_dut/Counter_1_reg[7]
  Impl DFF        Imp:/WORK/SYS_TOP/CLK_DIV_TX_dut/Counter_1_reg[7]

  Ref  DFF        Ref:/WORK/SYS_TOP/CLK_DIV_TX_dut/Counter_1_reg[8]
  Impl DFF        Imp:/WORK/SYS_TOP/CLK_DIV_TX_dut/Counter_1_reg[8]

  Ref  DFF        Ref:/WORK/SYS_TOP/CLK_DIV_TX_dut/Counter_1_reg[9]
  Impl DFF        Imp:/WORK/SYS_TOP/CLK_DIV_TX_dut/Counter_1_reg[9]

  Ref  DFF        Ref:/WORK/SYS_TOP/CLK_DIV_TX_dut/Counter_2_reg[0]
  Impl DFF        Imp:/WORK/SYS_TOP/CLK_DIV_TX_dut/Counter_2_reg[0]

  Ref  DFF        Ref:/WORK/SYS_TOP/CLK_DIV_TX_dut/Counter_2_reg[1]
  Impl DFF        Imp:/WORK/SYS_TOP/CLK_DIV_TX_dut/Counter_2_reg[1]

  Ref  DFF        Ref:/WORK/SYS_TOP/CLK_DIV_TX_dut/Counter_2_reg[2]
  Impl DFF        Imp:/WORK/SYS_TOP/CLK_DIV_TX_dut/Counter_2_reg[2]

  Ref  DFF        Ref:/WORK/SYS_TOP/CLK_DIV_TX_dut/Counter_2_reg[3]
  Impl DFF        Imp:/WORK/SYS_TOP/CLK_DIV_TX_dut/Counter_2_reg[3]

  Ref  DFF        Ref:/WORK/SYS_TOP/CLK_DIV_TX_dut/Counter_2_reg[4]
  Impl DFF        Imp:/WORK/SYS_TOP/CLK_DIV_TX_dut/Counter_2_reg[4]

  Ref  DFF        Ref:/WORK/SYS_TOP/CLK_DIV_TX_dut/Counter_2_reg[5]
  Impl DFF        Imp:/WORK/SYS_TOP/CLK_DIV_TX_dut/Counter_2_reg[5]

  Ref  DFF        Ref:/WORK/SYS_TOP/CLK_DIV_TX_dut/Counter_2_reg[6]
  Impl DFF        Imp:/WORK/SYS_TOP/CLK_DIV_TX_dut/Counter_2_reg[6]

  Ref  DFF        Ref:/WORK/SYS_TOP/CLK_DIV_TX_dut/Counter_2_reg[7]
  Impl DFF        Imp:/WORK/SYS_TOP/CLK_DIV_TX_dut/Counter_2_reg[7]

  Ref  DFF        Ref:/WORK/SYS_TOP/CLK_DIV_TX_dut/Counter_2_reg[8]
  Impl DFF        Imp:/WORK/SYS_TOP/CLK_DIV_TX_dut/Counter_2_reg[8]

  Ref  DFF        Ref:/WORK/SYS_TOP/CLK_DIV_TX_dut/Counter_2_reg[9]
  Impl DFF        Imp:/WORK/SYS_TOP/CLK_DIV_TX_dut/Counter_2_reg[9]

  Ref  DFF        Ref:/WORK/SYS_TOP/CLK_DIV_TX_dut/Counter_3_reg[0]
  Impl DFF        Imp:/WORK/SYS_TOP/CLK_DIV_TX_dut/Counter_3_reg[0]

  Ref  DFF        Ref:/WORK/SYS_TOP/CLK_DIV_TX_dut/Counter_3_reg[1]
  Impl DFF        Imp:/WORK/SYS_TOP/CLK_DIV_TX_dut/Counter_3_reg[1]

  Ref  DFF        Ref:/WORK/SYS_TOP/CLK_DIV_TX_dut/Counter_3_reg[2]
  Impl DFF        Imp:/WORK/SYS_TOP/CLK_DIV_TX_dut/Counter_3_reg[2]

  Ref  DFF        Ref:/WORK/SYS_TOP/CLK_DIV_TX_dut/Counter_3_reg[3]
  Impl DFF        Imp:/WORK/SYS_TOP/CLK_DIV_TX_dut/Counter_3_reg[3]

  Ref  DFF        Ref:/WORK/SYS_TOP/CLK_DIV_TX_dut/Counter_3_reg[4]
  Impl DFF        Imp:/WORK/SYS_TOP/CLK_DIV_TX_dut/Counter_3_reg[4]

  Ref  DFF        Ref:/WORK/SYS_TOP/CLK_DIV_TX_dut/Counter_3_reg[5]
  Impl DFF        Imp:/WORK/SYS_TOP/CLK_DIV_TX_dut/Counter_3_reg[5]

  Ref  DFF        Ref:/WORK/SYS_TOP/CLK_DIV_TX_dut/Counter_3_reg[6]
  Impl DFF        Imp:/WORK/SYS_TOP/CLK_DIV_TX_dut/Counter_3_reg[6]

  Ref  DFF        Ref:/WORK/SYS_TOP/CLK_DIV_TX_dut/Counter_3_reg[7]
  Impl DFF        Imp:/WORK/SYS_TOP/CLK_DIV_TX_dut/Counter_3_reg[7]

  Ref  DFF        Ref:/WORK/SYS_TOP/CLK_DIV_TX_dut/Counter_3_reg[8]
  Impl DFF        Imp:/WORK/SYS_TOP/CLK_DIV_TX_dut/Counter_3_reg[8]

  Ref  DFF        Ref:/WORK/SYS_TOP/CLK_DIV_TX_dut/Counter_3_reg[9]
  Impl DFF        Imp:/WORK/SYS_TOP/CLK_DIV_TX_dut/Counter_3_reg[9]

  Ref  DFF        Ref:/WORK/SYS_TOP/CLK_DIV_TX_dut/Counter_4_reg[0]
  Impl DFF        Imp:/WORK/SYS_TOP/CLK_DIV_TX_dut/Counter_4_reg[0]

  Ref  DFF        Ref:/WORK/SYS_TOP/CLK_DIV_TX_dut/Counter_4_reg[1]
  Impl DFF        Imp:/WORK/SYS_TOP/CLK_DIV_TX_dut/Counter_4_reg[1]

  Ref  DFF        Ref:/WORK/SYS_TOP/CLK_DIV_TX_dut/Counter_4_reg[2]
  Impl DFF        Imp:/WORK/SYS_TOP/CLK_DIV_TX_dut/Counter_4_reg[2]

  Ref  DFF        Ref:/WORK/SYS_TOP/CLK_DIV_TX_dut/Counter_4_reg[3]
  Impl DFF        Imp:/WORK/SYS_TOP/CLK_DIV_TX_dut/Counter_4_reg[3]

  Ref  DFF        Ref:/WORK/SYS_TOP/CLK_DIV_TX_dut/Counter_4_reg[4]
  Impl DFF        Imp:/WORK/SYS_TOP/CLK_DIV_TX_dut/Counter_4_reg[4]

  Ref  DFF        Ref:/WORK/SYS_TOP/CLK_DIV_TX_dut/Counter_4_reg[5]
  Impl DFF        Imp:/WORK/SYS_TOP/CLK_DIV_TX_dut/Counter_4_reg[5]

  Ref  DFF        Ref:/WORK/SYS_TOP/CLK_DIV_TX_dut/Counter_4_reg[6]
  Impl DFF        Imp:/WORK/SYS_TOP/CLK_DIV_TX_dut/Counter_4_reg[6]

  Ref  DFF        Ref:/WORK/SYS_TOP/CLK_DIV_TX_dut/Counter_4_reg[7]
  Impl DFF        Imp:/WORK/SYS_TOP/CLK_DIV_TX_dut/Counter_4_reg[7]

  Ref  DFF        Ref:/WORK/SYS_TOP/CLK_DIV_TX_dut/Counter_4_reg[8]
  Impl DFF        Imp:/WORK/SYS_TOP/CLK_DIV_TX_dut/Counter_4_reg[8]

  Ref  DFF        Ref:/WORK/SYS_TOP/CLK_DIV_TX_dut/Counter_4_reg[9]
  Impl DFF        Imp:/WORK/SYS_TOP/CLK_DIV_TX_dut/Counter_4_reg[9]

  Ref  DFF        Ref:/WORK/SYS_TOP/CLK_DIV_TX_dut/current_state_reg[0]
  Impl DFF        Imp:/WORK/SYS_TOP/CLK_DIV_TX_dut/current_state_reg[0]

  Ref  DFF        Ref:/WORK/SYS_TOP/CLK_DIV_TX_dut/current_state_reg[1]
  Impl DFF        Imp:/WORK/SYS_TOP/CLK_DIV_TX_dut/current_state_reg[1]

  Ref  DFF        Ref:/WORK/SYS_TOP/CLK_DIV_TX_dut/current_state_reg[2]
  Impl DFF        Imp:/WORK/SYS_TOP/CLK_DIV_TX_dut/current_state_reg[2]

  Ref  DFF        Ref:/WORK/SYS_TOP/Data_Sync_dut/FF_Stage_reg[0]
  Impl DFF        Imp:/WORK/SYS_TOP/Data_Sync_dut/FF_Stage_reg[0]

  Ref  DFF        Ref:/WORK/SYS_TOP/Data_Sync_dut/FF_Stage_reg[1]
  Impl DFF        Imp:/WORK/SYS_TOP/Data_Sync_dut/FF_Stage_reg[1]

  Ref  DFF        Ref:/WORK/SYS_TOP/Data_Sync_dut/Q_in_reg
  Impl DFF        Imp:/WORK/SYS_TOP/Data_Sync_dut/Q_in_reg

  Ref  DFF        Ref:/WORK/SYS_TOP/Data_Sync_dut/SYNC_bus_reg[0]
  Impl DFF        Imp:/WORK/SYS_TOP/Data_Sync_dut/SYNC_bus_reg[0]

  Ref  DFF        Ref:/WORK/SYS_TOP/Data_Sync_dut/SYNC_bus_reg[1]
  Impl DFF        Imp:/WORK/SYS_TOP/Data_Sync_dut/SYNC_bus_reg[1]

  Ref  DFF        Ref:/WORK/SYS_TOP/Data_Sync_dut/SYNC_bus_reg[2]
  Impl DFF        Imp:/WORK/SYS_TOP/Data_Sync_dut/SYNC_bus_reg[2]

  Ref  DFF        Ref:/WORK/SYS_TOP/Data_Sync_dut/SYNC_bus_reg[3]
  Impl DFF        Imp:/WORK/SYS_TOP/Data_Sync_dut/SYNC_bus_reg[3]

  Ref  DFF        Ref:/WORK/SYS_TOP/Data_Sync_dut/SYNC_bus_reg[4]
  Impl DFF        Imp:/WORK/SYS_TOP/Data_Sync_dut/SYNC_bus_reg[4]

  Ref  DFF        Ref:/WORK/SYS_TOP/Data_Sync_dut/SYNC_bus_reg[5]
  Impl DFF        Imp:/WORK/SYS_TOP/Data_Sync_dut/SYNC_bus_reg[5]

  Ref  DFF        Ref:/WORK/SYS_TOP/Data_Sync_dut/SYNC_bus_reg[6]
  Impl DFF        Imp:/WORK/SYS_TOP/Data_Sync_dut/SYNC_bus_reg[6]

  Ref  DFF        Ref:/WORK/SYS_TOP/Data_Sync_dut/SYNC_bus_reg[7]
  Impl DFF        Imp:/WORK/SYS_TOP/Data_Sync_dut/SYNC_bus_reg[7]

  Ref  DFF        Ref:/WORK/SYS_TOP/Data_Sync_dut/enable_pulse_reg
  Impl DFF        Imp:/WORK/SYS_TOP/Data_Sync_dut/enable_pulse_reg

  Ref  DFF        Ref:/WORK/SYS_TOP/Data_Sync_dut/pulse_gen_reg
  Impl DFF        Imp:/WORK/SYS_TOP/Data_Sync_dut/pulse_gen_reg

  Ref  DFF        Ref:/WORK/SYS_TOP/Reg_file_dut/RdData_Valid_reg
  Impl DFF        Imp:/WORK/SYS_TOP/Reg_file_dut/RdData_Valid_reg

  Ref  DFF        Ref:/WORK/SYS_TOP/Reg_file_dut/RdData_reg[0]
  Impl DFF        Imp:/WORK/SYS_TOP/Reg_file_dut/RdData_reg[0]

  Ref  DFF        Ref:/WORK/SYS_TOP/Reg_file_dut/RdData_reg[1]
  Impl DFF        Imp:/WORK/SYS_TOP/Reg_file_dut/RdData_reg[1]

  Ref  DFF        Ref:/WORK/SYS_TOP/Reg_file_dut/RdData_reg[2]
  Impl DFF        Imp:/WORK/SYS_TOP/Reg_file_dut/RdData_reg[2]

  Ref  DFF        Ref:/WORK/SYS_TOP/Reg_file_dut/RdData_reg[3]
  Impl DFF        Imp:/WORK/SYS_TOP/Reg_file_dut/RdData_reg[3]

  Ref  DFF        Ref:/WORK/SYS_TOP/Reg_file_dut/RdData_reg[4]
  Impl DFF        Imp:/WORK/SYS_TOP/Reg_file_dut/RdData_reg[4]

  Ref  DFF        Ref:/WORK/SYS_TOP/Reg_file_dut/RdData_reg[5]
  Impl DFF        Imp:/WORK/SYS_TOP/Reg_file_dut/RdData_reg[5]

  Ref  DFF        Ref:/WORK/SYS_TOP/Reg_file_dut/RdData_reg[6]
  Impl DFF        Imp:/WORK/SYS_TOP/Reg_file_dut/RdData_reg[6]

  Ref  DFF        Ref:/WORK/SYS_TOP/Reg_file_dut/RdData_reg[7]
  Impl DFF        Imp:/WORK/SYS_TOP/Reg_file_dut/RdData_reg[7]

  Ref  DFF        Ref:/WORK/SYS_TOP/Reg_file_dut/reg_file_reg[0][0]
  Impl DFF        Imp:/WORK/SYS_TOP/Reg_file_dut/reg_file_reg[0][0]

  Ref  DFF        Ref:/WORK/SYS_TOP/Reg_file_dut/reg_file_reg[0][1]
  Impl DFF        Imp:/WORK/SYS_TOP/Reg_file_dut/reg_file_reg[0][1]

  Ref  DFF        Ref:/WORK/SYS_TOP/Reg_file_dut/reg_file_reg[0][2]
  Impl DFF        Imp:/WORK/SYS_TOP/Reg_file_dut/reg_file_reg[0][2]

  Ref  DFF        Ref:/WORK/SYS_TOP/Reg_file_dut/reg_file_reg[0][3]
  Impl DFF        Imp:/WORK/SYS_TOP/Reg_file_dut/reg_file_reg[0][3]

  Ref  DFF        Ref:/WORK/SYS_TOP/Reg_file_dut/reg_file_reg[0][4]
  Impl DFF        Imp:/WORK/SYS_TOP/Reg_file_dut/reg_file_reg[0][4]

  Ref  DFF        Ref:/WORK/SYS_TOP/Reg_file_dut/reg_file_reg[0][5]
  Impl DFF        Imp:/WORK/SYS_TOP/Reg_file_dut/reg_file_reg[0][5]

  Ref  DFF        Ref:/WORK/SYS_TOP/Reg_file_dut/reg_file_reg[0][6]
  Impl DFF        Imp:/WORK/SYS_TOP/Reg_file_dut/reg_file_reg[0][6]

  Ref  DFF        Ref:/WORK/SYS_TOP/Reg_file_dut/reg_file_reg[0][7]
  Impl DFF        Imp:/WORK/SYS_TOP/Reg_file_dut/reg_file_reg[0][7]

  Ref  DFF        Ref:/WORK/SYS_TOP/Reg_file_dut/reg_file_reg[10][0]
  Impl DFF        Imp:/WORK/SYS_TOP/Reg_file_dut/reg_file_reg[10][0]

  Ref  DFF        Ref:/WORK/SYS_TOP/Reg_file_dut/reg_file_reg[10][1]
  Impl DFF        Imp:/WORK/SYS_TOP/Reg_file_dut/reg_file_reg[10][1]

  Ref  DFF        Ref:/WORK/SYS_TOP/Reg_file_dut/reg_file_reg[10][2]
  Impl DFF        Imp:/WORK/SYS_TOP/Reg_file_dut/reg_file_reg[10][2]

  Ref  DFF        Ref:/WORK/SYS_TOP/Reg_file_dut/reg_file_reg[10][3]
  Impl DFF        Imp:/WORK/SYS_TOP/Reg_file_dut/reg_file_reg[10][3]

  Ref  DFF        Ref:/WORK/SYS_TOP/Reg_file_dut/reg_file_reg[10][4]
  Impl DFF        Imp:/WORK/SYS_TOP/Reg_file_dut/reg_file_reg[10][4]

  Ref  DFF        Ref:/WORK/SYS_TOP/Reg_file_dut/reg_file_reg[10][5]
  Impl DFF        Imp:/WORK/SYS_TOP/Reg_file_dut/reg_file_reg[10][5]

  Ref  DFF        Ref:/WORK/SYS_TOP/Reg_file_dut/reg_file_reg[10][6]
  Impl DFF        Imp:/WORK/SYS_TOP/Reg_file_dut/reg_file_reg[10][6]

  Ref  DFF        Ref:/WORK/SYS_TOP/Reg_file_dut/reg_file_reg[10][7]
  Impl DFF        Imp:/WORK/SYS_TOP/Reg_file_dut/reg_file_reg[10][7]

  Ref  DFF        Ref:/WORK/SYS_TOP/Reg_file_dut/reg_file_reg[11][0]
  Impl DFF        Imp:/WORK/SYS_TOP/Reg_file_dut/reg_file_reg[11][0]

  Ref  DFF        Ref:/WORK/SYS_TOP/Reg_file_dut/reg_file_reg[11][1]
  Impl DFF        Imp:/WORK/SYS_TOP/Reg_file_dut/reg_file_reg[11][1]

  Ref  DFF        Ref:/WORK/SYS_TOP/Reg_file_dut/reg_file_reg[11][2]
  Impl DFF        Imp:/WORK/SYS_TOP/Reg_file_dut/reg_file_reg[11][2]

  Ref  DFF        Ref:/WORK/SYS_TOP/Reg_file_dut/reg_file_reg[11][3]
  Impl DFF        Imp:/WORK/SYS_TOP/Reg_file_dut/reg_file_reg[11][3]

  Ref  DFF        Ref:/WORK/SYS_TOP/Reg_file_dut/reg_file_reg[11][4]
  Impl DFF        Imp:/WORK/SYS_TOP/Reg_file_dut/reg_file_reg[11][4]

  Ref  DFF        Ref:/WORK/SYS_TOP/Reg_file_dut/reg_file_reg[11][5]
  Impl DFF        Imp:/WORK/SYS_TOP/Reg_file_dut/reg_file_reg[11][5]

  Ref  DFF        Ref:/WORK/SYS_TOP/Reg_file_dut/reg_file_reg[11][6]
  Impl DFF        Imp:/WORK/SYS_TOP/Reg_file_dut/reg_file_reg[11][6]

  Ref  DFF        Ref:/WORK/SYS_TOP/Reg_file_dut/reg_file_reg[11][7]
  Impl DFF        Imp:/WORK/SYS_TOP/Reg_file_dut/reg_file_reg[11][7]

  Ref  DFF        Ref:/WORK/SYS_TOP/Reg_file_dut/reg_file_reg[12][0]
  Impl DFF        Imp:/WORK/SYS_TOP/Reg_file_dut/reg_file_reg[12][0]

  Ref  DFF        Ref:/WORK/SYS_TOP/Reg_file_dut/reg_file_reg[12][1]
  Impl DFF        Imp:/WORK/SYS_TOP/Reg_file_dut/reg_file_reg[12][1]

  Ref  DFF        Ref:/WORK/SYS_TOP/Reg_file_dut/reg_file_reg[12][2]
  Impl DFF        Imp:/WORK/SYS_TOP/Reg_file_dut/reg_file_reg[12][2]

  Ref  DFF        Ref:/WORK/SYS_TOP/Reg_file_dut/reg_file_reg[12][3]
  Impl DFF        Imp:/WORK/SYS_TOP/Reg_file_dut/reg_file_reg[12][3]

  Ref  DFF        Ref:/WORK/SYS_TOP/Reg_file_dut/reg_file_reg[12][4]
  Impl DFF        Imp:/WORK/SYS_TOP/Reg_file_dut/reg_file_reg[12][4]

  Ref  DFF        Ref:/WORK/SYS_TOP/Reg_file_dut/reg_file_reg[12][5]
  Impl DFF        Imp:/WORK/SYS_TOP/Reg_file_dut/reg_file_reg[12][5]

  Ref  DFF        Ref:/WORK/SYS_TOP/Reg_file_dut/reg_file_reg[12][6]
  Impl DFF        Imp:/WORK/SYS_TOP/Reg_file_dut/reg_file_reg[12][6]

  Ref  DFF        Ref:/WORK/SYS_TOP/Reg_file_dut/reg_file_reg[12][7]
  Impl DFF        Imp:/WORK/SYS_TOP/Reg_file_dut/reg_file_reg[12][7]

  Ref  DFF        Ref:/WORK/SYS_TOP/Reg_file_dut/reg_file_reg[13][0]
  Impl DFF        Imp:/WORK/SYS_TOP/Reg_file_dut/reg_file_reg[13][0]

  Ref  DFF        Ref:/WORK/SYS_TOP/Reg_file_dut/reg_file_reg[13][1]
  Impl DFF        Imp:/WORK/SYS_TOP/Reg_file_dut/reg_file_reg[13][1]

  Ref  DFF        Ref:/WORK/SYS_TOP/Reg_file_dut/reg_file_reg[13][2]
  Impl DFF        Imp:/WORK/SYS_TOP/Reg_file_dut/reg_file_reg[13][2]

  Ref  DFF        Ref:/WORK/SYS_TOP/Reg_file_dut/reg_file_reg[13][3]
  Impl DFF        Imp:/WORK/SYS_TOP/Reg_file_dut/reg_file_reg[13][3]

  Ref  DFF        Ref:/WORK/SYS_TOP/Reg_file_dut/reg_file_reg[13][4]
  Impl DFF        Imp:/WORK/SYS_TOP/Reg_file_dut/reg_file_reg[13][4]

  Ref  DFF        Ref:/WORK/SYS_TOP/Reg_file_dut/reg_file_reg[13][5]
  Impl DFF        Imp:/WORK/SYS_TOP/Reg_file_dut/reg_file_reg[13][5]

  Ref  DFF        Ref:/WORK/SYS_TOP/Reg_file_dut/reg_file_reg[13][6]
  Impl DFF        Imp:/WORK/SYS_TOP/Reg_file_dut/reg_file_reg[13][6]

  Ref  DFF        Ref:/WORK/SYS_TOP/Reg_file_dut/reg_file_reg[13][7]
  Impl DFF        Imp:/WORK/SYS_TOP/Reg_file_dut/reg_file_reg[13][7]

  Ref  DFF        Ref:/WORK/SYS_TOP/Reg_file_dut/reg_file_reg[14][0]
  Impl DFF        Imp:/WORK/SYS_TOP/Reg_file_dut/reg_file_reg[14][0]

  Ref  DFF        Ref:/WORK/SYS_TOP/Reg_file_dut/reg_file_reg[14][1]
  Impl DFF        Imp:/WORK/SYS_TOP/Reg_file_dut/reg_file_reg[14][1]

  Ref  DFF        Ref:/WORK/SYS_TOP/Reg_file_dut/reg_file_reg[14][2]
  Impl DFF        Imp:/WORK/SYS_TOP/Reg_file_dut/reg_file_reg[14][2]

  Ref  DFF        Ref:/WORK/SYS_TOP/Reg_file_dut/reg_file_reg[14][3]
  Impl DFF        Imp:/WORK/SYS_TOP/Reg_file_dut/reg_file_reg[14][3]

  Ref  DFF        Ref:/WORK/SYS_TOP/Reg_file_dut/reg_file_reg[14][4]
  Impl DFF        Imp:/WORK/SYS_TOP/Reg_file_dut/reg_file_reg[14][4]

  Ref  DFF        Ref:/WORK/SYS_TOP/Reg_file_dut/reg_file_reg[14][5]
  Impl DFF        Imp:/WORK/SYS_TOP/Reg_file_dut/reg_file_reg[14][5]

  Ref  DFF        Ref:/WORK/SYS_TOP/Reg_file_dut/reg_file_reg[14][6]
  Impl DFF        Imp:/WORK/SYS_TOP/Reg_file_dut/reg_file_reg[14][6]

  Ref  DFF        Ref:/WORK/SYS_TOP/Reg_file_dut/reg_file_reg[14][7]
  Impl DFF        Imp:/WORK/SYS_TOP/Reg_file_dut/reg_file_reg[14][7]

  Ref  DFF        Ref:/WORK/SYS_TOP/Reg_file_dut/reg_file_reg[15][0]
  Impl DFF        Imp:/WORK/SYS_TOP/Reg_file_dut/reg_file_reg[15][0]

  Ref  DFF        Ref:/WORK/SYS_TOP/Reg_file_dut/reg_file_reg[15][1]
  Impl DFF        Imp:/WORK/SYS_TOP/Reg_file_dut/reg_file_reg[15][1]

  Ref  DFF        Ref:/WORK/SYS_TOP/Reg_file_dut/reg_file_reg[15][2]
  Impl DFF        Imp:/WORK/SYS_TOP/Reg_file_dut/reg_file_reg[15][2]

  Ref  DFF        Ref:/WORK/SYS_TOP/Reg_file_dut/reg_file_reg[15][3]
  Impl DFF        Imp:/WORK/SYS_TOP/Reg_file_dut/reg_file_reg[15][3]

  Ref  DFF        Ref:/WORK/SYS_TOP/Reg_file_dut/reg_file_reg[15][4]
  Impl DFF        Imp:/WORK/SYS_TOP/Reg_file_dut/reg_file_reg[15][4]

  Ref  DFF        Ref:/WORK/SYS_TOP/Reg_file_dut/reg_file_reg[15][5]
  Impl DFF        Imp:/WORK/SYS_TOP/Reg_file_dut/reg_file_reg[15][5]

  Ref  DFF        Ref:/WORK/SYS_TOP/Reg_file_dut/reg_file_reg[15][6]
  Impl DFF        Imp:/WORK/SYS_TOP/Reg_file_dut/reg_file_reg[15][6]

  Ref  DFF        Ref:/WORK/SYS_TOP/Reg_file_dut/reg_file_reg[15][7]
  Impl DFF        Imp:/WORK/SYS_TOP/Reg_file_dut/reg_file_reg[15][7]

  Ref  DFF        Ref:/WORK/SYS_TOP/Reg_file_dut/reg_file_reg[1][0]
  Impl DFF        Imp:/WORK/SYS_TOP/Reg_file_dut/reg_file_reg[1][0]

  Ref  DFF        Ref:/WORK/SYS_TOP/Reg_file_dut/reg_file_reg[1][1]
  Impl DFF        Imp:/WORK/SYS_TOP/Reg_file_dut/reg_file_reg[1][1]

  Ref  DFF        Ref:/WORK/SYS_TOP/Reg_file_dut/reg_file_reg[1][2]
  Impl DFF        Imp:/WORK/SYS_TOP/Reg_file_dut/reg_file_reg[1][2]

  Ref  DFF        Ref:/WORK/SYS_TOP/Reg_file_dut/reg_file_reg[1][3]
  Impl DFF        Imp:/WORK/SYS_TOP/Reg_file_dut/reg_file_reg[1][3]

  Ref  DFF        Ref:/WORK/SYS_TOP/Reg_file_dut/reg_file_reg[1][4]
  Impl DFF        Imp:/WORK/SYS_TOP/Reg_file_dut/reg_file_reg[1][4]

  Ref  DFF        Ref:/WORK/SYS_TOP/Reg_file_dut/reg_file_reg[1][5]
  Impl DFF        Imp:/WORK/SYS_TOP/Reg_file_dut/reg_file_reg[1][5]

  Ref  DFF        Ref:/WORK/SYS_TOP/Reg_file_dut/reg_file_reg[1][6]
  Impl DFF        Imp:/WORK/SYS_TOP/Reg_file_dut/reg_file_reg[1][6]

  Ref  DFF        Ref:/WORK/SYS_TOP/Reg_file_dut/reg_file_reg[1][7]
  Impl DFF        Imp:/WORK/SYS_TOP/Reg_file_dut/reg_file_reg[1][7]

  Ref  DFF        Ref:/WORK/SYS_TOP/Reg_file_dut/reg_file_reg[4][0]
  Impl DFF        Imp:/WORK/SYS_TOP/Reg_file_dut/reg_file_reg[4][0]

  Ref  DFF        Ref:/WORK/SYS_TOP/Reg_file_dut/reg_file_reg[4][1]
  Impl DFF        Imp:/WORK/SYS_TOP/Reg_file_dut/reg_file_reg[4][1]

  Ref  DFF        Ref:/WORK/SYS_TOP/Reg_file_dut/reg_file_reg[4][2]
  Impl DFF        Imp:/WORK/SYS_TOP/Reg_file_dut/reg_file_reg[4][2]

  Ref  DFF        Ref:/WORK/SYS_TOP/Reg_file_dut/reg_file_reg[4][3]
  Impl DFF        Imp:/WORK/SYS_TOP/Reg_file_dut/reg_file_reg[4][3]

  Ref  DFF        Ref:/WORK/SYS_TOP/Reg_file_dut/reg_file_reg[4][4]
  Impl DFF        Imp:/WORK/SYS_TOP/Reg_file_dut/reg_file_reg[4][4]

  Ref  DFF        Ref:/WORK/SYS_TOP/Reg_file_dut/reg_file_reg[4][5]
  Impl DFF        Imp:/WORK/SYS_TOP/Reg_file_dut/reg_file_reg[4][5]

  Ref  DFF        Ref:/WORK/SYS_TOP/Reg_file_dut/reg_file_reg[4][6]
  Impl DFF        Imp:/WORK/SYS_TOP/Reg_file_dut/reg_file_reg[4][6]

  Ref  DFF        Ref:/WORK/SYS_TOP/Reg_file_dut/reg_file_reg[4][7]
  Impl DFF        Imp:/WORK/SYS_TOP/Reg_file_dut/reg_file_reg[4][7]

  Ref  DFF        Ref:/WORK/SYS_TOP/Reg_file_dut/reg_file_reg[5][0]
  Impl DFF        Imp:/WORK/SYS_TOP/Reg_file_dut/reg_file_reg[5][0]

  Ref  DFF        Ref:/WORK/SYS_TOP/Reg_file_dut/reg_file_reg[5][1]
  Impl DFF        Imp:/WORK/SYS_TOP/Reg_file_dut/reg_file_reg[5][1]

  Ref  DFF        Ref:/WORK/SYS_TOP/Reg_file_dut/reg_file_reg[5][2]
  Impl DFF        Imp:/WORK/SYS_TOP/Reg_file_dut/reg_file_reg[5][2]

  Ref  DFF        Ref:/WORK/SYS_TOP/Reg_file_dut/reg_file_reg[5][3]
  Impl DFF        Imp:/WORK/SYS_TOP/Reg_file_dut/reg_file_reg[5][3]

  Ref  DFF        Ref:/WORK/SYS_TOP/Reg_file_dut/reg_file_reg[5][4]
  Impl DFF        Imp:/WORK/SYS_TOP/Reg_file_dut/reg_file_reg[5][4]

  Ref  DFF        Ref:/WORK/SYS_TOP/Reg_file_dut/reg_file_reg[5][5]
  Impl DFF        Imp:/WORK/SYS_TOP/Reg_file_dut/reg_file_reg[5][5]

  Ref  DFF        Ref:/WORK/SYS_TOP/Reg_file_dut/reg_file_reg[5][6]
  Impl DFF        Imp:/WORK/SYS_TOP/Reg_file_dut/reg_file_reg[5][6]

  Ref  DFF        Ref:/WORK/SYS_TOP/Reg_file_dut/reg_file_reg[5][7]
  Impl DFF        Imp:/WORK/SYS_TOP/Reg_file_dut/reg_file_reg[5][7]

  Ref  DFF        Ref:/WORK/SYS_TOP/Reg_file_dut/reg_file_reg[6][0]
  Impl DFF        Imp:/WORK/SYS_TOP/Reg_file_dut/reg_file_reg[6][0]

  Ref  DFF        Ref:/WORK/SYS_TOP/Reg_file_dut/reg_file_reg[6][1]
  Impl DFF        Imp:/WORK/SYS_TOP/Reg_file_dut/reg_file_reg[6][1]

  Ref  DFF        Ref:/WORK/SYS_TOP/Reg_file_dut/reg_file_reg[6][2]
  Impl DFF        Imp:/WORK/SYS_TOP/Reg_file_dut/reg_file_reg[6][2]

  Ref  DFF        Ref:/WORK/SYS_TOP/Reg_file_dut/reg_file_reg[6][3]
  Impl DFF        Imp:/WORK/SYS_TOP/Reg_file_dut/reg_file_reg[6][3]

  Ref  DFF        Ref:/WORK/SYS_TOP/Reg_file_dut/reg_file_reg[6][4]
  Impl DFF        Imp:/WORK/SYS_TOP/Reg_file_dut/reg_file_reg[6][4]

  Ref  DFF        Ref:/WORK/SYS_TOP/Reg_file_dut/reg_file_reg[6][5]
  Impl DFF        Imp:/WORK/SYS_TOP/Reg_file_dut/reg_file_reg[6][5]

  Ref  DFF        Ref:/WORK/SYS_TOP/Reg_file_dut/reg_file_reg[6][6]
  Impl DFF        Imp:/WORK/SYS_TOP/Reg_file_dut/reg_file_reg[6][6]

  Ref  DFF        Ref:/WORK/SYS_TOP/Reg_file_dut/reg_file_reg[6][7]
  Impl DFF        Imp:/WORK/SYS_TOP/Reg_file_dut/reg_file_reg[6][7]

  Ref  DFF        Ref:/WORK/SYS_TOP/Reg_file_dut/reg_file_reg[7][0]
  Impl DFF        Imp:/WORK/SYS_TOP/Reg_file_dut/reg_file_reg[7][0]

  Ref  DFF        Ref:/WORK/SYS_TOP/Reg_file_dut/reg_file_reg[7][1]
  Impl DFF        Imp:/WORK/SYS_TOP/Reg_file_dut/reg_file_reg[7][1]

  Ref  DFF        Ref:/WORK/SYS_TOP/Reg_file_dut/reg_file_reg[7][2]
  Impl DFF        Imp:/WORK/SYS_TOP/Reg_file_dut/reg_file_reg[7][2]

  Ref  DFF        Ref:/WORK/SYS_TOP/Reg_file_dut/reg_file_reg[7][3]
  Impl DFF        Imp:/WORK/SYS_TOP/Reg_file_dut/reg_file_reg[7][3]

  Ref  DFF        Ref:/WORK/SYS_TOP/Reg_file_dut/reg_file_reg[7][4]
  Impl DFF        Imp:/WORK/SYS_TOP/Reg_file_dut/reg_file_reg[7][4]

  Ref  DFF        Ref:/WORK/SYS_TOP/Reg_file_dut/reg_file_reg[7][5]
  Impl DFF        Imp:/WORK/SYS_TOP/Reg_file_dut/reg_file_reg[7][5]

  Ref  DFF        Ref:/WORK/SYS_TOP/Reg_file_dut/reg_file_reg[7][6]
  Impl DFF        Imp:/WORK/SYS_TOP/Reg_file_dut/reg_file_reg[7][6]

  Ref  DFF        Ref:/WORK/SYS_TOP/Reg_file_dut/reg_file_reg[7][7]
  Impl DFF        Imp:/WORK/SYS_TOP/Reg_file_dut/reg_file_reg[7][7]

  Ref  DFF        Ref:/WORK/SYS_TOP/Reg_file_dut/reg_file_reg[8][0]
  Impl DFF        Imp:/WORK/SYS_TOP/Reg_file_dut/reg_file_reg[8][0]

  Ref  DFF        Ref:/WORK/SYS_TOP/Reg_file_dut/reg_file_reg[8][1]
  Impl DFF        Imp:/WORK/SYS_TOP/Reg_file_dut/reg_file_reg[8][1]

  Ref  DFF        Ref:/WORK/SYS_TOP/Reg_file_dut/reg_file_reg[8][2]
  Impl DFF        Imp:/WORK/SYS_TOP/Reg_file_dut/reg_file_reg[8][2]

  Ref  DFF        Ref:/WORK/SYS_TOP/Reg_file_dut/reg_file_reg[8][3]
  Impl DFF        Imp:/WORK/SYS_TOP/Reg_file_dut/reg_file_reg[8][3]

  Ref  DFF        Ref:/WORK/SYS_TOP/Reg_file_dut/reg_file_reg[8][4]
  Impl DFF        Imp:/WORK/SYS_TOP/Reg_file_dut/reg_file_reg[8][4]

  Ref  DFF        Ref:/WORK/SYS_TOP/Reg_file_dut/reg_file_reg[8][5]
  Impl DFF        Imp:/WORK/SYS_TOP/Reg_file_dut/reg_file_reg[8][5]

  Ref  DFF        Ref:/WORK/SYS_TOP/Reg_file_dut/reg_file_reg[8][6]
  Impl DFF        Imp:/WORK/SYS_TOP/Reg_file_dut/reg_file_reg[8][6]

  Ref  DFF        Ref:/WORK/SYS_TOP/Reg_file_dut/reg_file_reg[8][7]
  Impl DFF        Imp:/WORK/SYS_TOP/Reg_file_dut/reg_file_reg[8][7]

  Ref  DFF        Ref:/WORK/SYS_TOP/Reg_file_dut/reg_file_reg[9][0]
  Impl DFF        Imp:/WORK/SYS_TOP/Reg_file_dut/reg_file_reg[9][0]

  Ref  DFF        Ref:/WORK/SYS_TOP/Reg_file_dut/reg_file_reg[9][1]
  Impl DFF        Imp:/WORK/SYS_TOP/Reg_file_dut/reg_file_reg[9][1]

  Ref  DFF        Ref:/WORK/SYS_TOP/Reg_file_dut/reg_file_reg[9][2]
  Impl DFF        Imp:/WORK/SYS_TOP/Reg_file_dut/reg_file_reg[9][2]

  Ref  DFF        Ref:/WORK/SYS_TOP/Reg_file_dut/reg_file_reg[9][3]
  Impl DFF        Imp:/WORK/SYS_TOP/Reg_file_dut/reg_file_reg[9][3]

  Ref  DFF        Ref:/WORK/SYS_TOP/Reg_file_dut/reg_file_reg[9][4]
  Impl DFF        Imp:/WORK/SYS_TOP/Reg_file_dut/reg_file_reg[9][4]

  Ref  DFF        Ref:/WORK/SYS_TOP/Reg_file_dut/reg_file_reg[9][5]
  Impl DFF        Imp:/WORK/SYS_TOP/Reg_file_dut/reg_file_reg[9][5]

  Ref  DFF        Ref:/WORK/SYS_TOP/Reg_file_dut/reg_file_reg[9][6]
  Impl DFF        Imp:/WORK/SYS_TOP/Reg_file_dut/reg_file_reg[9][6]

  Ref  DFF        Ref:/WORK/SYS_TOP/Reg_file_dut/reg_file_reg[9][7]
  Impl DFF        Imp:/WORK/SYS_TOP/Reg_file_dut/reg_file_reg[9][7]

  Ref  DFF        Ref:/WORK/SYS_TOP/Rst_Sync_D1_dut/FF_Stage_reg[0]
  Impl DFF        Imp:/WORK/SYS_TOP/Rst_Sync_D1_dut/FF_Stage_reg[0]

  Ref  DFF        Ref:/WORK/SYS_TOP/Rst_Sync_D1_dut/FF_Stage_reg[1]
  Impl DFF        Imp:/WORK/SYS_TOP/Rst_Sync_D1_dut/FF_Stage_reg[1]

  Ref  DFF        Ref:/WORK/SYS_TOP/Rst_Sync_D2_dut/FF_Stage_reg[0]
  Impl DFF        Imp:/WORK/SYS_TOP/Rst_Sync_D2_dut/FF_Stage_reg[0]

  Ref  DFF        Ref:/WORK/SYS_TOP/Rst_Sync_D2_dut/FF_Stage_reg[1]
  Impl DFF        Imp:/WORK/SYS_TOP/Rst_Sync_D2_dut/FF_Stage_reg[1]

  Ref  DFF        Ref:/WORK/SYS_TOP/SYS_CTRL_dut/Addr_next_reg[0]
  Impl DFF        Imp:/WORK/SYS_TOP/SYS_CTRL_dut/Addr_next_reg[0]

  Ref  DFF        Ref:/WORK/SYS_TOP/SYS_CTRL_dut/Addr_next_reg[1]
  Impl DFF        Imp:/WORK/SYS_TOP/SYS_CTRL_dut/Addr_next_reg[1]

  Ref  DFF        Ref:/WORK/SYS_TOP/SYS_CTRL_dut/Addr_next_reg[2]
  Impl DFF        Imp:/WORK/SYS_TOP/SYS_CTRL_dut/Addr_next_reg[2]

  Ref  DFF        Ref:/WORK/SYS_TOP/SYS_CTRL_dut/Addr_next_reg[3]
  Impl DFF        Imp:/WORK/SYS_TOP/SYS_CTRL_dut/Addr_next_reg[3]

  Ref  DFF        Ref:/WORK/SYS_TOP/SYS_CTRL_dut/Counter_reg[0]
  Impl DFF        Imp:/WORK/SYS_TOP/SYS_CTRL_dut/Counter_reg[0]

  Ref  DFF        Ref:/WORK/SYS_TOP/SYS_CTRL_dut/Counter_reg[1]
  Impl DFF        Imp:/WORK/SYS_TOP/SYS_CTRL_dut/Counter_reg[1]

  Ref  DFF        Ref:/WORK/SYS_TOP/SYS_CTRL_dut/current_state_reg[0]
  Impl DFF        Imp:/WORK/SYS_TOP/SYS_CTRL_dut/current_state_reg[0]

  Ref  DFF        Ref:/WORK/SYS_TOP/SYS_CTRL_dut/current_state_reg[1]
  Impl DFF        Imp:/WORK/SYS_TOP/SYS_CTRL_dut/current_state_reg[1]

  Ref  DFF        Ref:/WORK/SYS_TOP/SYS_CTRL_dut/current_state_reg[2]
  Impl DFF        Imp:/WORK/SYS_TOP/SYS_CTRL_dut/current_state_reg[2]

  Ref  DFF        Ref:/WORK/SYS_TOP/SYS_CTRL_dut/current_state_reg[3]
  Impl DFF        Imp:/WORK/SYS_TOP/SYS_CTRL_dut/current_state_reg[3]

  Ref  DFF        Ref:/WORK/SYS_TOP/SYS_CTRL_dut/flag_1_reg
  Impl DFF        Imp:/WORK/SYS_TOP/SYS_CTRL_dut/flag_1_reg

  Ref  DFF        Ref:/WORK/SYS_TOP/UART_RX_dut/current_state_reg[0]
  Impl DFF        Imp:/WORK/SYS_TOP/UART_RX_dut/current_state_reg[0]

  Ref  DFF        Ref:/WORK/SYS_TOP/UART_RX_dut/current_state_reg[1]
  Impl DFF        Imp:/WORK/SYS_TOP/UART_RX_dut/current_state_reg[1]

  Ref  DFF        Ref:/WORK/SYS_TOP/UART_RX_dut/current_state_reg[2]
  Impl DFF        Imp:/WORK/SYS_TOP/UART_RX_dut/current_state_reg[2]

  Ref  DFF        Ref:/WORK/SYS_TOP/UART_RX_dut/deser_dut/P_DATA_reg[0]
  Impl DFF        Imp:/WORK/SYS_TOP/UART_RX_dut/deser_dut/P_DATA_reg[0]

  Ref  DFF        Ref:/WORK/SYS_TOP/UART_RX_dut/deser_dut/P_DATA_reg[1]
  Impl DFF        Imp:/WORK/SYS_TOP/UART_RX_dut/deser_dut/P_DATA_reg[1]

  Ref  DFF        Ref:/WORK/SYS_TOP/UART_RX_dut/deser_dut/P_DATA_reg[2]
  Impl DFF        Imp:/WORK/SYS_TOP/UART_RX_dut/deser_dut/P_DATA_reg[2]

  Ref  DFF        Ref:/WORK/SYS_TOP/UART_RX_dut/deser_dut/P_DATA_reg[3]
  Impl DFF        Imp:/WORK/SYS_TOP/UART_RX_dut/deser_dut/P_DATA_reg[3]

  Ref  DFF        Ref:/WORK/SYS_TOP/UART_RX_dut/deser_dut/P_DATA_reg[4]
  Impl DFF        Imp:/WORK/SYS_TOP/UART_RX_dut/deser_dut/P_DATA_reg[4]

  Ref  DFF        Ref:/WORK/SYS_TOP/UART_RX_dut/deser_dut/P_DATA_reg[5]
  Impl DFF        Imp:/WORK/SYS_TOP/UART_RX_dut/deser_dut/P_DATA_reg[5]

  Ref  DFF        Ref:/WORK/SYS_TOP/UART_RX_dut/deser_dut/P_DATA_reg[6]
  Impl DFF        Imp:/WORK/SYS_TOP/UART_RX_dut/deser_dut/P_DATA_reg[6]

  Ref  DFF        Ref:/WORK/SYS_TOP/UART_RX_dut/deser_dut/P_DATA_reg[7]
  Impl DFF        Imp:/WORK/SYS_TOP/UART_RX_dut/deser_dut/P_DATA_reg[7]

  Ref  DFF        Ref:/WORK/SYS_TOP/UART_RX_dut/dut_sample/out_next_1_reg
  Impl DFF        Imp:/WORK/SYS_TOP/UART_RX_dut/dut_sample/out_next_1_reg

  Ref  DFF        Ref:/WORK/SYS_TOP/UART_RX_dut/dut_sample/out_next_2_reg
  Impl DFF        Imp:/WORK/SYS_TOP/UART_RX_dut/dut_sample/out_next_2_reg

  Ref  DFF        Ref:/WORK/SYS_TOP/UART_RX_dut/dut_sample/out_next_3_reg
  Impl DFF        Imp:/WORK/SYS_TOP/UART_RX_dut/dut_sample/out_next_3_reg

  Ref  DFF        Ref:/WORK/SYS_TOP/UART_RX_dut/edge_bit_dut/Bit_Counter_reg[0]
  Impl DFF        Imp:/WORK/SYS_TOP/UART_RX_dut/edge_bit_dut/Bit_Counter_reg[0]

  Ref  DFF        Ref:/WORK/SYS_TOP/UART_RX_dut/edge_bit_dut/Bit_Counter_reg[1]
  Impl DFF        Imp:/WORK/SYS_TOP/UART_RX_dut/edge_bit_dut/Bit_Counter_reg[1]

  Ref  DFF        Ref:/WORK/SYS_TOP/UART_RX_dut/edge_bit_dut/Bit_Counter_reg[2]
  Impl DFF        Imp:/WORK/SYS_TOP/UART_RX_dut/edge_bit_dut/Bit_Counter_reg[2]

  Ref  DFF        Ref:/WORK/SYS_TOP/UART_RX_dut/edge_bit_dut/Bit_Counter_reg[3]
  Impl DFF        Imp:/WORK/SYS_TOP/UART_RX_dut/edge_bit_dut/Bit_Counter_reg[3]

  Ref  DFF        Ref:/WORK/SYS_TOP/UART_RX_dut/edge_bit_dut/Edge_Counter_reg[0]
  Impl DFF        Imp:/WORK/SYS_TOP/UART_RX_dut/edge_bit_dut/Edge_Counter_reg[0]

  Ref  DFF        Ref:/WORK/SYS_TOP/UART_RX_dut/edge_bit_dut/Edge_Counter_reg[1]
  Impl DFF        Imp:/WORK/SYS_TOP/UART_RX_dut/edge_bit_dut/Edge_Counter_reg[1]

  Ref  DFF        Ref:/WORK/SYS_TOP/UART_RX_dut/edge_bit_dut/Edge_Counter_reg[2]
  Impl DFF        Imp:/WORK/SYS_TOP/UART_RX_dut/edge_bit_dut/Edge_Counter_reg[2]

  Ref  DFF        Ref:/WORK/SYS_TOP/UART_RX_dut/edge_bit_dut/Edge_Counter_reg[3]
  Impl DFF        Imp:/WORK/SYS_TOP/UART_RX_dut/edge_bit_dut/Edge_Counter_reg[3]

  Ref  DFF        Ref:/WORK/SYS_TOP/UART_RX_dut/edge_bit_dut/Edge_Counter_reg[4]
  Impl DFF        Imp:/WORK/SYS_TOP/UART_RX_dut/edge_bit_dut/Edge_Counter_reg[4]

  Ref  DFF        Ref:/WORK/SYS_TOP/UART_RX_dut/out_next_reg[0]
  Impl DFF        Imp:/WORK/SYS_TOP/UART_RX_dut/out_next_reg[0]

  Ref  DFF        Ref:/WORK/SYS_TOP/UART_RX_dut/out_next_reg[1]
  Impl DFF        Imp:/WORK/SYS_TOP/UART_RX_dut/out_next_reg[1]

  Ref  DFF        Ref:/WORK/SYS_TOP/UART_RX_dut/out_next_reg[2]
  Impl DFF        Imp:/WORK/SYS_TOP/UART_RX_dut/out_next_reg[2]

  Ref  DFF        Ref:/WORK/SYS_TOP/UART_RX_dut/out_next_reg[3]
  Impl DFF        Imp:/WORK/SYS_TOP/UART_RX_dut/out_next_reg[3]

  Ref  DFF        Ref:/WORK/SYS_TOP/UART_RX_dut/out_next_reg[4]
  Impl DFF        Imp:/WORK/SYS_TOP/UART_RX_dut/out_next_reg[4]

  Ref  DFF        Ref:/WORK/SYS_TOP/UART_RX_dut/out_next_reg[5]
  Impl DFF        Imp:/WORK/SYS_TOP/UART_RX_dut/out_next_reg[5]

  Ref  DFF        Ref:/WORK/SYS_TOP/UART_RX_dut/out_next_reg[6]
  Impl DFF        Imp:/WORK/SYS_TOP/UART_RX_dut/out_next_reg[6]

  Ref  DFF        Ref:/WORK/SYS_TOP/UART_RX_dut/out_next_reg[7]
  Impl DFF        Imp:/WORK/SYS_TOP/UART_RX_dut/out_next_reg[7]

  Ref  DFF        Ref:/WORK/SYS_TOP/UART_RX_dut/srt_dut/strt_glitch_reg
  Impl DFF        Imp:/WORK/SYS_TOP/UART_RX_dut/srt_dut/strt_glitch_reg

  Ref  DFF        Ref:/WORK/SYS_TOP/UART_RX_dut/stp_dut/stp_err_reg
  Impl DFF        Imp:/WORK/SYS_TOP/UART_RX_dut/stp_dut/stp_err_reg

  Ref  DFF        Ref:/WORK/SYS_TOP/UART_TX_dut/Counter_reg[0]
  Impl DFF        Imp:/WORK/SYS_TOP/UART_TX_dut/Counter_reg[0]

  Ref  DFF        Ref:/WORK/SYS_TOP/UART_TX_dut/Counter_reg[1]
  Impl DFF        Imp:/WORK/SYS_TOP/UART_TX_dut/Counter_reg[1]

  Ref  DFF        Ref:/WORK/SYS_TOP/UART_TX_dut/Counter_reg[2]
  Impl DFF        Imp:/WORK/SYS_TOP/UART_TX_dut/Counter_reg[2]

  Ref  DFF        Ref:/WORK/SYS_TOP/UART_TX_dut/current_state_reg[0]
  Impl DFF        Imp:/WORK/SYS_TOP/UART_TX_dut/current_state_reg[0]

  Ref  DFF        Ref:/WORK/SYS_TOP/UART_TX_dut/current_state_reg[1]
  Impl DFF        Imp:/WORK/SYS_TOP/UART_TX_dut/current_state_reg[1]

  Ref  DFF        Ref:/WORK/SYS_TOP/UART_TX_dut/current_state_reg[2]
  Impl DFF        Imp:/WORK/SYS_TOP/UART_TX_dut/current_state_reg[2]

  Ref  DFF        Ref:/WORK/SYS_TOP/pulse_gen_dut/Q_in_reg
  Impl DFF        Imp:/WORK/SYS_TOP/pulse_gen_dut/Q_in_reg

  Ref  DFF        Ref:/WORK/SYS_TOP/pulse_gen_dut/out_reg
  Impl DFF        Imp:/WORK/SYS_TOP/pulse_gen_dut/out_reg

  Ref  Port       Ref:/WORK/SYS_TOP/TX_OUT
  Impl Port       Imp:/WORK/SYS_TOP/TX_OUT

 [BBNet: multiply-driven net
  BBPin: black-box pin
  Cut:   cut-point
  DFF:   non-constant DFF register
  DFF0:  constant 0 DFF register
  DFF1:  constant 1 DFF register
  DFFX:  constant X DFF register
  DFF0X: constrained 0X DFF register
  DFF1X: constrained 1X DFF register
  LAT:   non-constant latch register
  LAT0:  constant 0 latch register
  LAT1:  constant 1 latch register
  LATX:  constant X latch register
  LAT0X: constrained 0X latch register
  LAT1X: constrained 1X latch register
  LATCG: clock-gating latch register
  TLA:   transparent latch register
  TLA0X: transparent constrained 0X latch register
  TLA1X: transparent constrained 1X latch register
  Loop:  cycle break point
  Port:  primary (top-level) port
  Und:   undriven signal cut-point
  Unk:   unknown signal cut-point]

1
